[0mCMake Deprecation Warning at CMakeLists.txt:1 (cmake_minimum_required):
  Compatibility with CMake < 3.10 will be removed from a future version of
  CMake.

  Update the VERSION argument <min> value.  Or, use the <min>...<max> syntax
  to tell CMake that the project requires at least <min> but has been updated
  to work with policies introduced by <max> or earlier.

[0m
-- The C compiler identification is GNU 11.4.0
-- The CXX compiler identification is GNU 11.4.0
-- Detecting C compiler ABI info
-- Detecting C compiler ABI info - done
-- Check for working C compiler: /usr/bin/cc - skipped
-- Detecting C compile features
-- Detecting C compile features - done
-- Detecting CXX compiler ABI info
-- Detecting CXX compiler ABI info - done
-- Check for working CXX compiler: /usr/bin/c++ - skipped
-- Detecting CXX compile features
-- Detecting CXX compile features - done
-- Found ament_cmake: 1.3.12 (/opt/ros/humble/share/ament_cmake/cmake)
-- Found Python3: /opt/conda/envs/ilab/bin/python3 (found version "3.10.18") found components: Interpreter
-- Found rosidl_default_generators: 1.2.0 (/opt/ros/humble/share/rosidl_default_generators/cmake)
-- Using all available rosidl_typesupport_c: rosidl_typesupport_fastrtps_c;rosidl_typesupport_introspection_c
-- Found rosidl_adapter: 3.1.8 (/opt/ros/humble/share/rosidl_adapter/cmake)
-- Using all available rosidl_typesupport_cpp: rosidl_typesupport_fastrtps_cpp;rosidl_typesupport_introspection_cpp
-- Found ament_cmake_ros: 0.10.0 (/opt/ros/humble/share/ament_cmake_ros/cmake)
-- Using all available rosidl_typesupport_c: rosidl_typesupport_fastrtps_c;rosidl_typesupport_introspection_c
-- Using all available rosidl_typesupport_cpp: rosidl_typesupport_fastrtps_cpp;rosidl_typesupport_introspection_cpp
[33mCMake Warning (dev) at /opt/ros/humble/share/rosidl_generator_py/cmake/rosidl_generator_py_generate_interfaces.cmake:20 (find_package):
  Policy CMP0148 is not set: The FindPythonInterp and FindPythonLibs modules
  are removed.  Run "cmake --help-policy CMP0148" for policy details.  Use
  the cmake_policy command to set the policy and suppress this warning.

Call Stack (most recent call first):
  /opt/ros/humble/share/ament_cmake_core/cmake/core/ament_execute_extensions.cmake:48 (include)
  /opt/ros/humble/share/rosidl_cmake/cmake/rosidl_generate_interfaces.cmake:286 (ament_execute_extensions)
  CMakeLists.txt:12 (rosidl_generate_interfaces)
This warning is for project developers.  Use -Wno-dev to suppress it.
[0m
-- Found PythonInterp: /opt/conda/envs/ilab/bin/python3 (found suitable version "3.10.18", minimum required is "3.6")
-- Found python_cmake_module: 0.10.0 (/opt/ros/humble/share/python_cmake_module/cmake)
[33mCMake Warning (dev) at /opt/ros/humble/share/python_cmake_module/cmake/Modules/FindPythonExtra.cmake:52 (find_package):
  Policy CMP0148 is not set: The FindPythonInterp and FindPythonLibs modules
  are removed.  Run "cmake --help-policy CMP0148" for policy details.  Use
  the cmake_policy command to set the policy and suppress this warning.

Call Stack (most recent call first):
  /opt/ros/humble/share/rosidl_generator_py/cmake/rosidl_generator_py_generate_interfaces.cmake:23 (find_package)
  /opt/ros/humble/share/ament_cmake_core/cmake/core/ament_execute_extensions.cmake:48 (include)
  /opt/ros/humble/share/rosidl_cmake/cmake/rosidl_generate_interfaces.cmake:286 (ament_execute_extensions)
  CMakeLists.txt:12 (rosidl_generate_interfaces)
This warning is for project developers.  Use -Wno-dev to suppress it.
[0m
[33mCMake Warning (dev) at /opt/ros/humble/share/python_cmake_module/cmake/Modules/FindPythonExtra.cmake:140 (find_package):
  Policy CMP0148 is not set: The FindPythonInterp and FindPythonLibs modules
  are removed.  Run "cmake --help-policy CMP0148" for policy details.  Use
  the cmake_policy command to set the policy and suppress this warning.

Call Stack (most recent call first):
  /opt/ros/humble/share/rosidl_generator_py/cmake/rosidl_generator_py_generate_interfaces.cmake:23 (find_package)
  /opt/ros/humble/share/ament_cmake_core/cmake/core/ament_execute_extensions.cmake:48 (include)
  /opt/ros/humble/share/rosidl_cmake/cmake/rosidl_generate_interfaces.cmake:286 (ament_execute_extensions)
  CMakeLists.txt:12 (rosidl_generate_interfaces)
This warning is for project developers.  Use -Wno-dev to suppress it.
[0m
-- Found PythonLibs: /opt/conda/envs/ilab/lib/libpython3.10.so (found suitable version "3.10.18", minimum required is "3.5")
-- Using PYTHON_EXECUTABLE: /opt/conda/envs/ilab/bin/python3
-- Using PYTHON_INCLUDE_DIRS: /opt/conda/envs/ilab/include/python3.10
-- Using PYTHON_LIBRARIES: /opt/conda/envs/ilab/lib/libpython3.10.so
-- Found PythonExtra: .so
-- Using numpy include directory: /opt/conda/envs/ilab/lib/python3.10/site-packages/numpy/core/include
-- Found ament_lint_auto: 0.12.14 (/opt/ros/humble/share/ament_lint_auto/cmake)
-- Added test 'lint_cmake' to check CMake code style
-- Added test 'xmllint' to check XML markup files
-- Configuring done (4.1s)
-- Generating done (0.1s)
-- Build files have been written to: /home/jaydv/code/robopen_research/ros2_ws/build/franka_pybridge_interfaces
[  1%] [1m[34mGenerating C code for ROS interfaces[0m
[  2%] [1m[34mGenerating C++ code for ROS interfaces[0m
[  2%] Built target ament_cmake_python_copy_franka_pybridge_interfaces
running egg_info
creating franka_pybridge_interfaces.egg-info
writing franka_pybridge_interfaces.egg-info/PKG-INFO
writing dependency_links to franka_pybridge_interfaces.egg-info/dependency_links.txt
writing top-level names to franka_pybridge_interfaces.egg-info/top_level.txt
writing manifest file 'franka_pybridge_interfaces.egg-info/SOURCES.txt'
reading manifest file 'franka_pybridge_interfaces.egg-info/SOURCES.txt'
writing manifest file 'franka_pybridge_interfaces.egg-info/SOURCES.txt'
[  2%] Built target ament_cmake_python_build_franka_pybridge_interfaces_egg
[  4%] [32mBuilding C object CMakeFiles/franka_pybridge_interfaces__rosidl_generator_c.dir/rosidl_generator_c/franka_pybridge_interfaces/msg/detail/joint_data_array__functions.c.o[0m
[  5%] [32mBuilding C object CMakeFiles/franka_pybridge_interfaces__rosidl_generator_c.dir/rosidl_generator_c/franka_pybridge_interfaces/srv/detail/get_q__functions.c.o[0m
[  8%] [32mBuilding C object CMakeFiles/franka_pybridge_interfaces__rosidl_generator_c.dir/rosidl_generator_c/franka_pybridge_interfaces/srv/detail/execute_plan_log__functions.c.o[0m
[  9%] [32mBuilding C object CMakeFiles/franka_pybridge_interfaces__rosidl_generator_c.dir/rosidl_generator_c/franka_pybridge_interfaces/srv/detail/execute_plan__functions.c.o[0m
[  9%] [32mBuilding C object CMakeFiles/franka_pybridge_interfaces__rosidl_generator_c.dir/rosidl_generator_c/franka_pybridge_interfaces/srv/detail/operate_suction__functions.c.o[0m
[ 11%] [32mBuilding C object CMakeFiles/franka_pybridge_interfaces__rosidl_generator_c.dir/rosidl_generator_c/franka_pybridge_interfaces/srv/detail/set_load__functions.c.o[0m
[ 11%] Built target franka_pybridge_interfaces__cpp
[ 12%] [1m[32mLinking C shared library libfranka_pybridge_interfaces__rosidl_generator_c.so[0m
[ 14%] [1m[34mGenerating C++ type support dispatch for ROS interfaces[0m
[ 15%] [1m[34mGenerating C++ introspection for ROS interfaces[0m
[ 16%] [1m[34mGenerating C++ type support for eProsima Fast-RTPS[0m
[ 16%] Built target franka_pybridge_interfaces__rosidl_generator_c
[ 19%] [1m[34mGenerating C type support dispatch for ROS interfaces[0m
[ 19%] [1m[34mGenerating C type support for eProsima Fast-RTPS[0m
[ 21%] [1m[34mGenerating C introspection for ROS interfaces[0m
[ 22%] [32mBuilding CXX object CMakeFiles/franka_pybridge_interfaces__rosidl_typesupport_cpp.dir/rosidl_typesupport_cpp/franka_pybridge_interfaces/srv/get_q__type_support.cpp.o[0m
[ 23%] [32mBuilding CXX object CMakeFiles/franka_pybridge_interfaces__rosidl_typesupport_cpp.dir/rosidl_typesupport_cpp/franka_pybridge_interfaces/srv/execute_plan_log__type_support.cpp.o[0m
[ 25%] [32mBuilding CXX object CMakeFiles/franka_pybridge_interfaces__rosidl_typesupport_cpp.dir/rosidl_typesupport_cpp/franka_pybridge_interfaces/msg/joint_data_array__type_support.cpp.o[0m
[ 26%] [32mBuilding CXX object CMakeFiles/franka_pybridge_interfaces__rosidl_typesupport_cpp.dir/rosidl_typesupport_cpp/franka_pybridge_interfaces/srv/execute_plan__type_support.cpp.o[0m
[ 28%] [32mBuilding CXX object CMakeFiles/franka_pybridge_interfaces__rosidl_typesupport_cpp.dir/rosidl_typesupport_cpp/franka_pybridge_interfaces/srv/operate_suction__type_support.cpp.o[0m
[ 29%] [32mBuilding CXX object CMakeFiles/franka_pybridge_interfaces__rosidl_typesupport_cpp.dir/rosidl_typesupport_cpp/franka_pybridge_interfaces/srv/set_load__type_support.cpp.o[0m
[ 32%] [32mBuilding CXX object CMakeFiles/franka_pybridge_interfaces__rosidl_typesupport_c.dir/rosidl_typesupport_c/franka_pybridge_interfaces/srv/get_q__type_support.cpp.o[0m
[ 32%] [32mBuilding CXX object CMakeFiles/franka_pybridge_interfaces__rosidl_typesupport_c.dir/rosidl_typesupport_c/franka_pybridge_interfaces/msg/joint_data_array__type_support.cpp.o[0m
[ 33%] [32mBuilding CXX object CMakeFiles/franka_pybridge_interfaces__rosidl_typesupport_c.dir/rosidl_typesupport_c/franka_pybridge_interfaces/srv/execute_plan__type_support.cpp.o[0m
[ 35%] [32mBuilding CXX object CMakeFiles/franka_pybridge_interfaces__rosidl_typesupport_c.dir/rosidl_typesupport_c/franka_pybridge_interfaces/srv/execute_plan_log__type_support.cpp.o[0m
[ 36%] [32mBuilding CXX object CMakeFiles/franka_pybridge_interfaces__rosidl_typesupport_c.dir/rosidl_typesupport_c/franka_pybridge_interfaces/srv/set_load__type_support.cpp.o[0m
[ 38%] [32mBuilding CXX object CMakeFiles/franka_pybridge_interfaces__rosidl_typesupport_c.dir/rosidl_typesupport_c/franka_pybridge_interfaces/srv/operate_suction__type_support.cpp.o[0m
[ 39%] [32mBuilding CXX object CMakeFiles/franka_pybridge_interfaces__rosidl_typesupport_introspection_cpp.dir/rosidl_typesupport_introspection_cpp/franka_pybridge_interfaces/msg/detail/joint_data_array__type_support.cpp.o[0m
[ 40%] [32mBuilding CXX object CMakeFiles/franka_pybridge_interfaces__rosidl_typesupport_introspection_cpp.dir/rosidl_typesupport_introspection_cpp/franka_pybridge_interfaces/srv/detail/get_q__type_support.cpp.o[0m
[ 42%] [32mBuilding CXX object CMakeFiles/franka_pybridge_interfaces__rosidl_typesupport_introspection_cpp.dir/rosidl_typesupport_introspection_cpp/franka_pybridge_interfaces/srv/detail/execute_plan__type_support.cpp.o[0m
[ 43%] [32mBuilding CXX object CMakeFiles/franka_pybridge_interfaces__rosidl_typesupport_introspection_cpp.dir/rosidl_typesupport_introspection_cpp/franka_pybridge_interfaces/srv/detail/operate_suction__type_support.cpp.o[0m
[ 45%] [32mBuilding CXX object CMakeFiles/franka_pybridge_interfaces__rosidl_typesupport_introspection_cpp.dir/rosidl_typesupport_introspection_cpp/franka_pybridge_interfaces/srv/detail/set_load__type_support.cpp.o[0m
[ 46%] [32mBuilding CXX object CMakeFiles/franka_pybridge_interfaces__rosidl_typesupport_introspection_cpp.dir/rosidl_typesupport_introspection_cpp/franka_pybridge_interfaces/srv/detail/execute_plan_log__type_support.cpp.o[0m
[ 47%] [1m[32mLinking CXX shared library libfranka_pybridge_interfaces__rosidl_typesupport_c.so[0m
[ 47%] Built target franka_pybridge_interfaces__rosidl_typesupport_c
[ 49%] [32mBuilding C object CMakeFiles/franka_pybridge_interfaces__rosidl_typesupport_introspection_c.dir/rosidl_typesupport_introspection_c/franka_pybridge_interfaces/srv/detail/execute_plan__type_support.c.o[0m
[ 50%] [32mBuilding C object CMakeFiles/franka_pybridge_interfaces__rosidl_typesupport_introspection_c.dir/rosidl_typesupport_introspection_c/franka_pybridge_interfaces/srv/detail/get_q__type_support.c.o[0m
[ 53%] [32mBuilding C object CMakeFiles/franka_pybridge_interfaces__rosidl_typesupport_introspection_c.dir/rosidl_typesupport_introspection_c/franka_pybridge_interfaces/srv/detail/set_load__type_support.c.o[0m
[ 54%] [32mBuilding C object CMakeFiles/franka_pybridge_interfaces__rosidl_typesupport_introspection_c.dir/rosidl_typesupport_introspection_c/franka_pybridge_interfaces/srv/detail/operate_suction__type_support.c.o[0m
[ 54%] [32mBuilding C object CMakeFiles/franka_pybridge_interfaces__rosidl_typesupport_introspection_c.dir/rosidl_typesupport_introspection_c/franka_pybridge_interfaces/msg/detail/joint_data_array__type_support.c.o[0m
[ 56%] [32mBuilding C object CMakeFiles/franka_pybridge_interfaces__rosidl_typesupport_introspection_c.dir/rosidl_typesupport_introspection_c/franka_pybridge_interfaces/srv/detail/execute_plan_log__type_support.c.o[0m
[ 57%] [32mBuilding CXX object CMakeFiles/franka_pybridge_interfaces__rosidl_typesupport_fastrtps_cpp.dir/rosidl_typesupport_fastrtps_cpp/franka_pybridge_interfaces/msg/detail/dds_fastrtps/joint_data_array__type_support.cpp.o[0m
[ 59%] [32mBuilding CXX object CMakeFiles/franka_pybridge_interfaces__rosidl_typesupport_fastrtps_cpp.dir/rosidl_typesupport_fastrtps_cpp/franka_pybridge_interfaces/srv/detail/dds_fastrtps/execute_plan__type_support.cpp.o[0m
[ 60%] [32mBuilding CXX object CMakeFiles/franka_pybridge_interfaces__rosidl_typesupport_fastrtps_cpp.dir/rosidl_typesupport_fastrtps_cpp/franka_pybridge_interfaces/srv/detail/dds_fastrtps/operate_suction__type_support.cpp.o[0m
[ 63%] [32mBuilding CXX object CMakeFiles/franka_pybridge_interfaces__rosidl_typesupport_fastrtps_cpp.dir/rosidl_typesupport_fastrtps_cpp/franka_pybridge_interfaces/srv/detail/dds_fastrtps/get_q__type_support.cpp.o[0m
[ 63%] [32mBuilding CXX object CMakeFiles/franka_pybridge_interfaces__rosidl_typesupport_fastrtps_cpp.dir/rosidl_typesupport_fastrtps_cpp/franka_pybridge_interfaces/srv/detail/dds_fastrtps/execute_plan_log__type_support.cpp.o[0m
[ 64%] [32mBuilding CXX object CMakeFiles/franka_pybridge_interfaces__rosidl_typesupport_fastrtps_cpp.dir/rosidl_typesupport_fastrtps_cpp/franka_pybridge_interfaces/srv/detail/dds_fastrtps/set_load__type_support.cpp.o[0m
[ 66%] [32mBuilding CXX object CMakeFiles/franka_pybridge_interfaces__rosidl_typesupport_fastrtps_c.dir/rosidl_typesupport_fastrtps_c/franka_pybridge_interfaces/msg/detail/joint_data_array__type_support_c.cpp.o[0m
[ 67%] [32mBuilding CXX object CMakeFiles/franka_pybridge_interfaces__rosidl_typesupport_fastrtps_c.dir/rosidl_typesupport_fastrtps_c/franka_pybridge_interfaces/srv/detail/execute_plan__type_support_c.cpp.o[0m
[ 69%] [32mBuilding CXX object CMakeFiles/franka_pybridge_interfaces__rosidl_typesupport_fastrtps_c.dir/rosidl_typesupport_fastrtps_c/franka_pybridge_interfaces/srv/detail/get_q__type_support_c.cpp.o[0m
[ 70%] [32mBuilding CXX object CMakeFiles/franka_pybridge_interfaces__rosidl_typesupport_fastrtps_c.dir/rosidl_typesupport_fastrtps_c/franka_pybridge_interfaces/srv/detail/execute_plan_log__type_support_c.cpp.o[0m
[ 71%] [32mBuilding CXX object CMakeFiles/franka_pybridge_interfaces__rosidl_typesupport_fastrtps_c.dir/rosidl_typesupport_fastrtps_c/franka_pybridge_interfaces/srv/detail/operate_suction__type_support_c.cpp.o[0m
[ 73%] [32mBuilding CXX object CMakeFiles/franka_pybridge_interfaces__rosidl_typesupport_fastrtps_c.dir/rosidl_typesupport_fastrtps_c/franka_pybridge_interfaces/srv/detail/set_load__type_support_c.cpp.o[0m
[ 74%] [1m[32mLinking CXX shared library libfranka_pybridge_interfaces__rosidl_typesupport_cpp.so[0m
[ 76%] [1m[32mLinking C shared library libfranka_pybridge_interfaces__rosidl_typesupport_introspection_c.so[0m
[ 76%] Built target franka_pybridge_interfaces__rosidl_typesupport_cpp
[ 76%] Built target franka_pybridge_interfaces__rosidl_typesupport_introspection_c
[ 77%] [1m[32mLinking CXX shared library libfranka_pybridge_interfaces__rosidl_typesupport_introspection_cpp.so[0m
[ 78%] [1m[32mLinking CXX shared library libfranka_pybridge_interfaces__rosidl_typesupport_fastrtps_c.so[0m
[ 78%] Built target franka_pybridge_interfaces__rosidl_typesupport_introspection_cpp
[ 80%] [1m[32mLinking CXX shared library libfranka_pybridge_interfaces__rosidl_typesupport_fastrtps_cpp.so[0m
[ 80%] Built target franka_pybridge_interfaces__rosidl_typesupport_fastrtps_c
[ 80%] Built target franka_pybridge_interfaces__rosidl_typesupport_fastrtps_cpp
[ 80%] Built target franka_pybridge_interfaces
[ 81%] [1m[34mGenerating Python code for ROS interfaces[0m
[ 81%] Built target franka_pybridge_interfaces__py
[ 83%] [32mBuilding C object CMakeFiles/franka_pybridge_interfaces__rosidl_generator_py.dir/rosidl_generator_py/franka_pybridge_interfaces/srv/_get_q_s.c.o[0m
[ 84%] [32mBuilding C object CMakeFiles/franka_pybridge_interfaces__rosidl_generator_py.dir/rosidl_generator_py/franka_pybridge_interfaces/srv/_execute_plan_log_s.c.o[0m
[ 85%] [32mBuilding C object CMakeFiles/franka_pybridge_interfaces__rosidl_generator_py.dir/rosidl_generator_py/franka_pybridge_interfaces/srv/_execute_plan_s.c.o[0m
[ 87%] [32mBuilding C object CMakeFiles/franka_pybridge_interfaces__rosidl_generator_py.dir/rosidl_generator_py/franka_pybridge_interfaces/msg/_joint_data_array_s.c.o[0m
[ 90%] [32mBuilding C object CMakeFiles/franka_pybridge_interfaces__rosidl_generator_py.dir/rosidl_generator_py/franka_pybridge_interfaces/srv/_set_load_s.c.o[0m
[ 90%] [32mBuilding C object CMakeFiles/franka_pybridge_interfaces__rosidl_generator_py.dir/rosidl_generator_py/franka_pybridge_interfaces/srv/_operate_suction_s.c.o[0m
[ 91%] [1m[32mLinking C shared library rosidl_generator_py/franka_pybridge_interfaces/libfranka_pybridge_interfaces__rosidl_generator_py.so[0m
[ 91%] Built target franka_pybridge_interfaces__rosidl_generator_py
[ 92%] [32mBuilding C object CMakeFiles/franka_pybridge_interfaces__rosidl_typesupport_fastrtps_c__pyext.dir/rosidl_generator_py/franka_pybridge_interfaces/_franka_pybridge_interfaces_s.ep.rosidl_typesupport_fastrtps_c.c.o[0m
[ 94%] [32mBuilding C object CMakeFiles/franka_pybridge_interfaces__rosidl_typesupport_introspection_c__pyext.dir/rosidl_generator_py/franka_pybridge_interfaces/_franka_pybridge_interfaces_s.ep.rosidl_typesupport_introspection_c.c.o[0m
[ 95%] [32mBuilding C object CMakeFiles/franka_pybridge_interfaces__rosidl_typesupport_c__pyext.dir/rosidl_generator_py/franka_pybridge_interfaces/_franka_pybridge_interfaces_s.ep.rosidl_typesupport_c.c.o[0m
[ 97%] [1m[32mLinking C shared library rosidl_generator_py/franka_pybridge_interfaces/franka_pybridge_interfaces_s__rosidl_typesupport_introspection_c.cpython-310-x86_64-linux-gnu.so[0m
[ 98%] [1m[32mLinking C shared library rosidl_generator_py/franka_pybridge_interfaces/franka_pybridge_interfaces_s__rosidl_typesupport_fastrtps_c.cpython-310-x86_64-linux-gnu.so[0m
[100%] [1m[32mLinking C shared library rosidl_generator_py/franka_pybridge_interfaces/franka_pybridge_interfaces_s__rosidl_typesupport_c.cpython-310-x86_64-linux-gnu.so[0m
[100%] Built target franka_pybridge_interfaces__rosidl_typesupport_introspection_c__pyext
[100%] Built target franka_pybridge_interfaces__rosidl_typesupport_fastrtps_c__pyext
[100%] Built target franka_pybridge_interfaces__rosidl_typesupport_c__pyext
-- Install configuration: ""
-- Installing: /home/jaydv/code/robopen_research/ros2_ws/install/franka_pybridge_interfaces/share/ament_index/resource_index/rosidl_interfaces/franka_pybridge_interfaces
-- Installing: /home/jaydv/code/robopen_research/ros2_ws/install/franka_pybridge_interfaces/include/franka_pybridge_interfaces/franka_pybridge_interfaces
-- Installing: /home/jaydv/code/robopen_research/ros2_ws/install/franka_pybridge_interfaces/include/franka_pybridge_interfaces/franka_pybridge_interfaces/srv
-- Installing: /home/jaydv/code/robopen_research/ros2_ws/install/franka_pybridge_interfaces/include/franka_pybridge_interfaces/franka_pybridge_interfaces/srv/detail
-- Installing: /home/jaydv/code/robopen_research/ros2_ws/install/franka_pybridge_interfaces/include/franka_pybridge_interfaces/franka_pybridge_interfaces/srv/detail/get_q__functions.h
-- Installing: /home/jaydv/code/robopen_research/ros2_ws/install/franka_pybridge_interfaces/include/franka_pybridge_interfaces/franka_pybridge_interfaces/srv/detail/execute_plan__functions.h
-- Installing: /home/jaydv/code/robopen_research/ros2_ws/install/franka_pybridge_interfaces/include/franka_pybridge_interfaces/franka_pybridge_interfaces/srv/detail/execute_plan_log__type_support.h
-- Installing: /home/jaydv/code/robopen_research/ros2_ws/install/franka_pybridge_interfaces/include/franka_pybridge_interfaces/franka_pybridge_interfaces/srv/detail/operate_suction__type_support.h
-- Installing: /home/jaydv/code/robopen_research/ros2_ws/install/franka_pybridge_interfaces/include/franka_pybridge_interfaces/franka_pybridge_interfaces/srv/detail/operate_suction__functions.c
-- Installing: /home/jaydv/code/robopen_research/ros2_ws/install/franka_pybridge_interfaces/include/franka_pybridge_interfaces/franka_pybridge_interfaces/srv/detail/set_load__type_support.h
-- Installing: /home/jaydv/code/robopen_research/ros2_ws/install/franka_pybridge_interfaces/include/franka_pybridge_interfaces/franka_pybridge_interfaces/srv/detail/operate_suction__struct.h
-- Installing: /home/jaydv/code/robopen_research/ros2_ws/install/franka_pybridge_interfaces/include/franka_pybridge_interfaces/franka_pybridge_interfaces/srv/detail/set_load__struct.h
-- Installing: /home/jaydv/code/robopen_research/ros2_ws/install/franka_pybridge_interfaces/include/franka_pybridge_interfaces/franka_pybridge_interfaces/srv/detail/execute_plan__type_support.h
-- Installing: /home/jaydv/code/robopen_research/ros2_ws/install/franka_pybridge_interfaces/include/franka_pybridge_interfaces/franka_pybridge_interfaces/srv/detail/execute_plan_log__functions.c
-- Installing: /home/jaydv/code/robopen_research/ros2_ws/install/franka_pybridge_interfaces/include/franka_pybridge_interfaces/franka_pybridge_interfaces/srv/detail/operate_suction__functions.h
-- Installing: /home/jaydv/code/robopen_research/ros2_ws/install/franka_pybridge_interfaces/include/franka_pybridge_interfaces/franka_pybridge_interfaces/srv/detail/execute_plan__struct.h
-- Installing: /home/jaydv/code/robopen_research/ros2_ws/install/franka_pybridge_interfaces/include/franka_pybridge_interfaces/franka_pybridge_interfaces/srv/detail/set_load__functions.c
-- Installing: /home/jaydv/code/robopen_research/ros2_ws/install/franka_pybridge_interfaces/include/franka_pybridge_interfaces/franka_pybridge_interfaces/srv/detail/execute_plan_log__functions.h
-- Installing: /home/jaydv/code/robopen_research/ros2_ws/install/franka_pybridge_interfaces/include/franka_pybridge_interfaces/franka_pybridge_interfaces/srv/detail/set_load__functions.h
-- Installing: /home/jaydv/code/robopen_research/ros2_ws/install/franka_pybridge_interfaces/include/franka_pybridge_interfaces/franka_pybridge_interfaces/srv/detail/get_q__struct.h
-- Installing: /home/jaydv/code/robopen_research/ros2_ws/install/franka_pybridge_interfaces/include/franka_pybridge_interfaces/franka_pybridge_interfaces/srv/detail/execute_plan_log__struct.h
-- Installing: /home/jaydv/code/robopen_research/ros2_ws/install/franka_pybridge_interfaces/include/franka_pybridge_interfaces/franka_pybridge_interfaces/srv/detail/get_q__functions.c
-- Installing: /home/jaydv/code/robopen_research/ros2_ws/install/franka_pybridge_interfaces/include/franka_pybridge_interfaces/franka_pybridge_interfaces/srv/detail/execute_plan__functions.c
-- Installing: /home/jaydv/code/robopen_research/ros2_ws/install/franka_pybridge_interfaces/include/franka_pybridge_interfaces/franka_pybridge_interfaces/srv/detail/get_q__type_support.h
-- Installing: /home/jaydv/code/robopen_research/ros2_ws/install/franka_pybridge_interfaces/include/franka_pybridge_interfaces/franka_pybridge_interfaces/srv/execute_plan_log.h
-- Installing: /home/jaydv/code/robopen_research/ros2_ws/install/franka_pybridge_interfaces/include/franka_pybridge_interfaces/franka_pybridge_interfaces/srv/operate_suction.h
-- Installing: /home/jaydv/code/robopen_research/ros2_ws/install/franka_pybridge_interfaces/include/franka_pybridge_interfaces/franka_pybridge_interfaces/srv/get_q.h
-- Installing: /home/jaydv/code/robopen_research/ros2_ws/install/franka_pybridge_interfaces/include/franka_pybridge_interfaces/franka_pybridge_interfaces/srv/set_load.h
-- Installing: /home/jaydv/code/robopen_research/ros2_ws/install/franka_pybridge_interfaces/include/franka_pybridge_interfaces/franka_pybridge_interfaces/srv/execute_plan.h
-- Installing: /home/jaydv/code/robopen_research/ros2_ws/install/franka_pybridge_interfaces/include/franka_pybridge_interfaces/franka_pybridge_interfaces/msg
-- Installing: /home/jaydv/code/robopen_research/ros2_ws/install/franka_pybridge_interfaces/include/franka_pybridge_interfaces/franka_pybridge_interfaces/msg/detail
-- Installing: /home/jaydv/code/robopen_research/ros2_ws/install/franka_pybridge_interfaces/include/franka_pybridge_interfaces/franka_pybridge_interfaces/msg/detail/joint_data_array__type_support.h
-- Installing: /home/jaydv/code/robopen_research/ros2_ws/install/franka_pybridge_interfaces/include/franka_pybridge_interfaces/franka_pybridge_interfaces/msg/detail/joint_data_array__functions.c
-- Installing: /home/jaydv/code/robopen_research/ros2_ws/install/franka_pybridge_interfaces/include/franka_pybridge_interfaces/franka_pybridge_interfaces/msg/detail/joint_data_array__functions.h
-- Installing: /home/jaydv/code/robopen_research/ros2_ws/install/franka_pybridge_interfaces/include/franka_pybridge_interfaces/franka_pybridge_interfaces/msg/detail/joint_data_array__struct.h
-- Installing: /home/jaydv/code/robopen_research/ros2_ws/install/franka_pybridge_interfaces/include/franka_pybridge_interfaces/franka_pybridge_interfaces/msg/joint_data_array.h
-- Installing: /home/jaydv/code/robopen_research/ros2_ws/install/franka_pybridge_interfaces/include/franka_pybridge_interfaces/franka_pybridge_interfaces/msg/rosidl_generator_c__visibility_control.h
-- Installing: /home/jaydv/code/robopen_research/ros2_ws/install/franka_pybridge_interfaces/share/franka_pybridge_interfaces/environment/library_path.sh
-- Installing: /home/jaydv/code/robopen_research/ros2_ws/install/franka_pybridge_interfaces/share/franka_pybridge_interfaces/environment/library_path.dsv
-- Installing: /home/jaydv/code/robopen_research/ros2_ws/install/franka_pybridge_interfaces/lib/libfranka_pybridge_interfaces__rosidl_generator_c.so
-- Set non-toolchain portion of runtime path of "/home/jaydv/code/robopen_research/ros2_ws/install/franka_pybridge_interfaces/lib/libfranka_pybridge_interfaces__rosidl_generator_c.so" to ""
-- Up-to-date: /home/jaydv/code/robopen_research/ros2_ws/install/franka_pybridge_interfaces/include/franka_pybridge_interfaces/franka_pybridge_interfaces
-- Up-to-date: /home/jaydv/code/robopen_research/ros2_ws/install/franka_pybridge_interfaces/include/franka_pybridge_interfaces/franka_pybridge_interfaces/srv
-- Up-to-date: /home/jaydv/code/robopen_research/ros2_ws/install/franka_pybridge_interfaces/include/franka_pybridge_interfaces/franka_pybridge_interfaces/srv/detail
-- Installing: /home/jaydv/code/robopen_research/ros2_ws/install/franka_pybridge_interfaces/include/franka_pybridge_interfaces/franka_pybridge_interfaces/srv/detail/operate_suction__rosidl_typesupport_fastrtps_c.h
-- Installing: /home/jaydv/code/robopen_research/ros2_ws/install/franka_pybridge_interfaces/include/franka_pybridge_interfaces/franka_pybridge_interfaces/srv/detail/execute_plan_log__rosidl_typesupport_fastrtps_c.h
-- Installing: /home/jaydv/code/robopen_research/ros2_ws/install/franka_pybridge_interfaces/include/franka_pybridge_interfaces/franka_pybridge_interfaces/srv/detail/set_load__rosidl_typesupport_fastrtps_c.h
-- Installing: /home/jaydv/code/robopen_research/ros2_ws/install/franka_pybridge_interfaces/include/franka_pybridge_interfaces/franka_pybridge_interfaces/srv/detail/get_q__rosidl_typesupport_fastrtps_c.h
-- Installing: /home/jaydv/code/robopen_research/ros2_ws/install/franka_pybridge_interfaces/include/franka_pybridge_interfaces/franka_pybridge_interfaces/srv/detail/execute_plan__rosidl_typesupport_fastrtps_c.h
-- Up-to-date: /home/jaydv/code/robopen_research/ros2_ws/install/franka_pybridge_interfaces/include/franka_pybridge_interfaces/franka_pybridge_interfaces/msg
-- Up-to-date: /home/jaydv/code/robopen_research/ros2_ws/install/franka_pybridge_interfaces/include/franka_pybridge_interfaces/franka_pybridge_interfaces/msg/detail
-- Installing: /home/jaydv/code/robopen_research/ros2_ws/install/franka_pybridge_interfaces/include/franka_pybridge_interfaces/franka_pybridge_interfaces/msg/detail/joint_data_array__rosidl_typesupport_fastrtps_c.h
-- Installing: /home/jaydv/code/robopen_research/ros2_ws/install/franka_pybridge_interfaces/include/franka_pybridge_interfaces/franka_pybridge_interfaces/msg/rosidl_typesupport_fastrtps_c__visibility_control.h
-- Installing: /home/jaydv/code/robopen_research/ros2_ws/install/franka_pybridge_interfaces/lib/libfranka_pybridge_interfaces__rosidl_typesupport_fastrtps_c.so
-- Set non-toolchain portion of runtime path of "/home/jaydv/code/robopen_research/ros2_ws/install/franka_pybridge_interfaces/lib/libfranka_pybridge_interfaces__rosidl_typesupport_fastrtps_c.so" to ""
-- Up-to-date: /home/jaydv/code/robopen_research/ros2_ws/install/franka_pybridge_interfaces/include/franka_pybridge_interfaces/franka_pybridge_interfaces
-- Up-to-date: /home/jaydv/code/robopen_research/ros2_ws/install/franka_pybridge_interfaces/include/franka_pybridge_interfaces/franka_pybridge_interfaces/srv
-- Up-to-date: /home/jaydv/code/robopen_research/ros2_ws/install/franka_pybridge_interfaces/include/franka_pybridge_interfaces/franka_pybridge_interfaces/srv/detail
-- Installing: /home/jaydv/code/robopen_research/ros2_ws/install/franka_pybridge_interfaces/include/franka_pybridge_interfaces/franka_pybridge_interfaces/srv/detail/get_q__type_support.c
-- Installing: /home/jaydv/code/robopen_research/ros2_ws/install/franka_pybridge_interfaces/include/franka_pybridge_interfaces/franka_pybridge_interfaces/srv/detail/execute_plan__type_support.c
-- Installing: /home/jaydv/code/robopen_research/ros2_ws/install/franka_pybridge_interfaces/include/franka_pybridge_interfaces/franka_pybridge_interfaces/srv/detail/operate_suction__rosidl_typesupport_introspection_c.h
-- Installing: /home/jaydv/code/robopen_research/ros2_ws/install/franka_pybridge_interfaces/include/franka_pybridge_interfaces/franka_pybridge_interfaces/srv/detail/set_load__rosidl_typesupport_introspection_c.h
-- Installing: /home/jaydv/code/robopen_research/ros2_ws/install/franka_pybridge_interfaces/include/franka_pybridge_interfaces/franka_pybridge_interfaces/srv/detail/get_q__rosidl_typesupport_introspection_c.h
-- Installing: /home/jaydv/code/robopen_research/ros2_ws/install/franka_pybridge_interfaces/include/franka_pybridge_interfaces/franka_pybridge_interfaces/srv/detail/operate_suction__type_support.c
-- Installing: /home/jaydv/code/robopen_research/ros2_ws/install/franka_pybridge_interfaces/include/franka_pybridge_interfaces/franka_pybridge_interfaces/srv/detail/set_load__type_support.c
-- Installing: /home/jaydv/code/robopen_research/ros2_ws/install/franka_pybridge_interfaces/include/franka_pybridge_interfaces/franka_pybridge_interfaces/srv/detail/execute_plan__rosidl_typesupport_introspection_c.h
-- Installing: /home/jaydv/code/robopen_research/ros2_ws/install/franka_pybridge_interfaces/include/franka_pybridge_interfaces/franka_pybridge_interfaces/srv/detail/execute_plan_log__type_support.c
-- Installing: /home/jaydv/code/robopen_research/ros2_ws/install/franka_pybridge_interfaces/include/franka_pybridge_interfaces/franka_pybridge_interfaces/srv/detail/execute_plan_log__rosidl_typesupport_introspection_c.h
-- Up-to-date: /home/jaydv/code/robopen_research/ros2_ws/install/franka_pybridge_interfaces/include/franka_pybridge_interfaces/franka_pybridge_interfaces/msg
-- Up-to-date: /home/jaydv/code/robopen_research/ros2_ws/install/franka_pybridge_interfaces/include/franka_pybridge_interfaces/franka_pybridge_interfaces/msg/detail
-- Installing: /home/jaydv/code/robopen_research/ros2_ws/install/franka_pybridge_interfaces/include/franka_pybridge_interfaces/franka_pybridge_interfaces/msg/detail/joint_data_array__type_support.c
-- Installing: /home/jaydv/code/robopen_research/ros2_ws/install/franka_pybridge_interfaces/include/franka_pybridge_interfaces/franka_pybridge_interfaces/msg/detail/joint_data_array__rosidl_typesupport_introspection_c.h
-- Installing: /home/jaydv/code/robopen_research/ros2_ws/install/franka_pybridge_interfaces/include/franka_pybridge_interfaces/franka_pybridge_interfaces/msg/rosidl_typesupport_introspection_c__visibility_control.h
-- Installing: /home/jaydv/code/robopen_research/ros2_ws/install/franka_pybridge_interfaces/lib/libfranka_pybridge_interfaces__rosidl_typesupport_introspection_c.so
-- Set non-toolchain portion of runtime path of "/home/jaydv/code/robopen_research/ros2_ws/install/franka_pybridge_interfaces/lib/libfranka_pybridge_interfaces__rosidl_typesupport_introspection_c.so" to ""
-- Installing: /home/jaydv/code/robopen_research/ros2_ws/install/franka_pybridge_interfaces/lib/libfranka_pybridge_interfaces__rosidl_typesupport_c.so
-- Set non-toolchain portion of runtime path of "/home/jaydv/code/robopen_research/ros2_ws/install/franka_pybridge_interfaces/lib/libfranka_pybridge_interfaces__rosidl_typesupport_c.so" to ""
-- Up-to-date: /home/jaydv/code/robopen_research/ros2_ws/install/franka_pybridge_interfaces/include/franka_pybridge_interfaces/franka_pybridge_interfaces
-- Up-to-date: /home/jaydv/code/robopen_research/ros2_ws/install/franka_pybridge_interfaces/include/franka_pybridge_interfaces/franka_pybridge_interfaces/srv
-- Up-to-date: /home/jaydv/code/robopen_research/ros2_ws/install/franka_pybridge_interfaces/include/franka_pybridge_interfaces/franka_pybridge_interfaces/srv/detail
-- Installing: /home/jaydv/code/robopen_research/ros2_ws/install/franka_pybridge_interfaces/include/franka_pybridge_interfaces/franka_pybridge_interfaces/srv/detail/operate_suction__builder.hpp
-- Installing: /home/jaydv/code/robopen_research/ros2_ws/install/franka_pybridge_interfaces/include/franka_pybridge_interfaces/franka_pybridge_interfaces/srv/detail/get_q__traits.hpp
-- Installing: /home/jaydv/code/robopen_research/ros2_ws/install/franka_pybridge_interfaces/include/franka_pybridge_interfaces/franka_pybridge_interfaces/srv/detail/execute_plan_log__builder.hpp
-- Installing: /home/jaydv/code/robopen_research/ros2_ws/install/franka_pybridge_interfaces/include/franka_pybridge_interfaces/franka_pybridge_interfaces/srv/detail/execute_plan__traits.hpp
-- Installing: /home/jaydv/code/robopen_research/ros2_ws/install/franka_pybridge_interfaces/include/franka_pybridge_interfaces/franka_pybridge_interfaces/srv/detail/get_q__builder.hpp
-- Installing: /home/jaydv/code/robopen_research/ros2_ws/install/franka_pybridge_interfaces/include/franka_pybridge_interfaces/franka_pybridge_interfaces/srv/detail/operate_suction__traits.hpp
-- Installing: /home/jaydv/code/robopen_research/ros2_ws/install/franka_pybridge_interfaces/include/franka_pybridge_interfaces/franka_pybridge_interfaces/srv/detail/execute_plan_log__traits.hpp
-- Installing: /home/jaydv/code/robopen_research/ros2_ws/install/franka_pybridge_interfaces/include/franka_pybridge_interfaces/franka_pybridge_interfaces/srv/detail/execute_plan_log__struct.hpp
-- Installing: /home/jaydv/code/robopen_research/ros2_ws/install/franka_pybridge_interfaces/include/franka_pybridge_interfaces/franka_pybridge_interfaces/srv/detail/set_load__traits.hpp
-- Installing: /home/jaydv/code/robopen_research/ros2_ws/install/franka_pybridge_interfaces/include/franka_pybridge_interfaces/franka_pybridge_interfaces/srv/detail/execute_plan__type_support.hpp
-- Installing: /home/jaydv/code/robopen_research/ros2_ws/install/franka_pybridge_interfaces/include/franka_pybridge_interfaces/franka_pybridge_interfaces/srv/detail/get_q__type_support.hpp
-- Installing: /home/jaydv/code/robopen_research/ros2_ws/install/franka_pybridge_interfaces/include/franka_pybridge_interfaces/franka_pybridge_interfaces/srv/detail/operate_suction__struct.hpp
-- Installing: /home/jaydv/code/robopen_research/ros2_ws/install/franka_pybridge_interfaces/include/franka_pybridge_interfaces/franka_pybridge_interfaces/srv/detail/get_q__struct.hpp
-- Installing: /home/jaydv/code/robopen_research/ros2_ws/install/franka_pybridge_interfaces/include/franka_pybridge_interfaces/franka_pybridge_interfaces/srv/detail/execute_plan_log__type_support.hpp
-- Installing: /home/jaydv/code/robopen_research/ros2_ws/install/franka_pybridge_interfaces/include/franka_pybridge_interfaces/franka_pybridge_interfaces/srv/detail/execute_plan__struct.hpp
-- Installing: /home/jaydv/code/robopen_research/ros2_ws/install/franka_pybridge_interfaces/include/franka_pybridge_interfaces/franka_pybridge_interfaces/srv/detail/set_load__builder.hpp
-- Installing: /home/jaydv/code/robopen_research/ros2_ws/install/franka_pybridge_interfaces/include/franka_pybridge_interfaces/franka_pybridge_interfaces/srv/detail/set_load__type_support.hpp
-- Installing: /home/jaydv/code/robopen_research/ros2_ws/install/franka_pybridge_interfaces/include/franka_pybridge_interfaces/franka_pybridge_interfaces/srv/detail/execute_plan__builder.hpp
-- Installing: /home/jaydv/code/robopen_research/ros2_ws/install/franka_pybridge_interfaces/include/franka_pybridge_interfaces/franka_pybridge_interfaces/srv/detail/operate_suction__type_support.hpp
-- Installing: /home/jaydv/code/robopen_research/ros2_ws/install/franka_pybridge_interfaces/include/franka_pybridge_interfaces/franka_pybridge_interfaces/srv/detail/set_load__struct.hpp
-- Installing: /home/jaydv/code/robopen_research/ros2_ws/install/franka_pybridge_interfaces/include/franka_pybridge_interfaces/franka_pybridge_interfaces/srv/get_q.hpp
-- Installing: /home/jaydv/code/robopen_research/ros2_ws/install/franka_pybridge_interfaces/include/franka_pybridge_interfaces/franka_pybridge_interfaces/srv/execute_plan.hpp
-- Installing: /home/jaydv/code/robopen_research/ros2_ws/install/franka_pybridge_interfaces/include/franka_pybridge_interfaces/franka_pybridge_interfaces/srv/set_load.hpp
-- Installing: /home/jaydv/code/robopen_research/ros2_ws/install/franka_pybridge_interfaces/include/franka_pybridge_interfaces/franka_pybridge_interfaces/srv/operate_suction.hpp
-- Installing: /home/jaydv/code/robopen_research/ros2_ws/install/franka_pybridge_interfaces/include/franka_pybridge_interfaces/franka_pybridge_interfaces/srv/execute_plan_log.hpp
-- Up-to-date: /home/jaydv/code/robopen_research/ros2_ws/install/franka_pybridge_interfaces/include/franka_pybridge_interfaces/franka_pybridge_interfaces/msg
-- Installing: /home/jaydv/code/robopen_research/ros2_ws/install/franka_pybridge_interfaces/include/franka_pybridge_interfaces/franka_pybridge_interfaces/msg/rosidl_generator_cpp__visibility_control.hpp
-- Up-to-date: /home/jaydv/code/robopen_research/ros2_ws/install/franka_pybridge_interfaces/include/franka_pybridge_interfaces/franka_pybridge_interfaces/msg/detail
-- Installing: /home/jaydv/code/robopen_research/ros2_ws/install/franka_pybridge_interfaces/include/franka_pybridge_interfaces/franka_pybridge_interfaces/msg/detail/joint_data_array__builder.hpp
-- Installing: /home/jaydv/code/robopen_research/ros2_ws/install/franka_pybridge_interfaces/include/franka_pybridge_interfaces/franka_pybridge_interfaces/msg/detail/joint_data_array__struct.hpp
-- Installing: /home/jaydv/code/robopen_research/ros2_ws/install/franka_pybridge_interfaces/include/franka_pybridge_interfaces/franka_pybridge_interfaces/msg/detail/joint_data_array__traits.hpp
-- Installing: /home/jaydv/code/robopen_research/ros2_ws/install/franka_pybridge_interfaces/include/franka_pybridge_interfaces/franka_pybridge_interfaces/msg/detail/joint_data_array__type_support.hpp
-- Installing: /home/jaydv/code/robopen_research/ros2_ws/install/franka_pybridge_interfaces/include/franka_pybridge_interfaces/franka_pybridge_interfaces/msg/joint_data_array.hpp
-- Up-to-date: /home/jaydv/code/robopen_research/ros2_ws/install/franka_pybridge_interfaces/include/franka_pybridge_interfaces/franka_pybridge_interfaces
-- Up-to-date: /home/jaydv/code/robopen_research/ros2_ws/install/franka_pybridge_interfaces/include/franka_pybridge_interfaces/franka_pybridge_interfaces/srv
-- Up-to-date: /home/jaydv/code/robopen_research/ros2_ws/install/franka_pybridge_interfaces/include/franka_pybridge_interfaces/franka_pybridge_interfaces/srv/detail
-- Installing: /home/jaydv/code/robopen_research/ros2_ws/install/franka_pybridge_interfaces/include/franka_pybridge_interfaces/franka_pybridge_interfaces/srv/detail/get_q__rosidl_typesupport_fastrtps_cpp.hpp
-- Installing: /home/jaydv/code/robopen_research/ros2_ws/install/franka_pybridge_interfaces/include/franka_pybridge_interfaces/franka_pybridge_interfaces/srv/detail/operate_suction__rosidl_typesupport_fastrtps_cpp.hpp
-- Installing: /home/jaydv/code/robopen_research/ros2_ws/install/franka_pybridge_interfaces/include/franka_pybridge_interfaces/franka_pybridge_interfaces/srv/detail/dds_fastrtps
-- Installing: /home/jaydv/code/robopen_research/ros2_ws/install/franka_pybridge_interfaces/include/franka_pybridge_interfaces/franka_pybridge_interfaces/srv/detail/set_load__rosidl_typesupport_fastrtps_cpp.hpp
-- Installing: /home/jaydv/code/robopen_research/ros2_ws/install/franka_pybridge_interfaces/include/franka_pybridge_interfaces/franka_pybridge_interfaces/srv/detail/execute_plan__rosidl_typesupport_fastrtps_cpp.hpp
-- Installing: /home/jaydv/code/robopen_research/ros2_ws/install/franka_pybridge_interfaces/include/franka_pybridge_interfaces/franka_pybridge_interfaces/srv/detail/execute_plan_log__rosidl_typesupport_fastrtps_cpp.hpp
-- Up-to-date: /home/jaydv/code/robopen_research/ros2_ws/install/franka_pybridge_interfaces/include/franka_pybridge_interfaces/franka_pybridge_interfaces/msg
-- Up-to-date: /home/jaydv/code/robopen_research/ros2_ws/install/franka_pybridge_interfaces/include/franka_pybridge_interfaces/franka_pybridge_interfaces/msg/detail
-- Installing: /home/jaydv/code/robopen_research/ros2_ws/install/franka_pybridge_interfaces/include/franka_pybridge_interfaces/franka_pybridge_interfaces/msg/detail/dds_fastrtps
-- Installing: /home/jaydv/code/robopen_research/ros2_ws/install/franka_pybridge_interfaces/include/franka_pybridge_interfaces/franka_pybridge_interfaces/msg/detail/joint_data_array__rosidl_typesupport_fastrtps_cpp.hpp
-- Installing: /home/jaydv/code/robopen_research/ros2_ws/install/franka_pybridge_interfaces/include/franka_pybridge_interfaces/franka_pybridge_interfaces/msg/rosidl_typesupport_fastrtps_cpp__visibility_control.h
-- Installing: /home/jaydv/code/robopen_research/ros2_ws/install/franka_pybridge_interfaces/lib/libfranka_pybridge_interfaces__rosidl_typesupport_fastrtps_cpp.so
-- Set non-toolchain portion of runtime path of "/home/jaydv/code/robopen_research/ros2_ws/install/franka_pybridge_interfaces/lib/libfranka_pybridge_interfaces__rosidl_typesupport_fastrtps_cpp.so" to ""
-- Up-to-date: /home/jaydv/code/robopen_research/ros2_ws/install/franka_pybridge_interfaces/include/franka_pybridge_interfaces/franka_pybridge_interfaces
-- Up-to-date: /home/jaydv/code/robopen_research/ros2_ws/install/franka_pybridge_interfaces/include/franka_pybridge_interfaces/franka_pybridge_interfaces/srv
-- Up-to-date: /home/jaydv/code/robopen_research/ros2_ws/install/franka_pybridge_interfaces/include/franka_pybridge_interfaces/franka_pybridge_interfaces/srv/detail
-- Installing: /home/jaydv/code/robopen_research/ros2_ws/install/franka_pybridge_interfaces/include/franka_pybridge_interfaces/franka_pybridge_interfaces/srv/detail/execute_plan_log__rosidl_typesupport_introspection_cpp.hpp
-- Installing: /home/jaydv/code/robopen_research/ros2_ws/install/franka_pybridge_interfaces/include/franka_pybridge_interfaces/franka_pybridge_interfaces/srv/detail/set_load__rosidl_typesupport_introspection_cpp.hpp
-- Installing: /home/jaydv/code/robopen_research/ros2_ws/install/franka_pybridge_interfaces/include/franka_pybridge_interfaces/franka_pybridge_interfaces/srv/detail/operate_suction__type_support.cpp
-- Installing: /home/jaydv/code/robopen_research/ros2_ws/install/franka_pybridge_interfaces/include/franka_pybridge_interfaces/franka_pybridge_interfaces/srv/detail/execute_plan__rosidl_typesupport_introspection_cpp.hpp
-- Installing: /home/jaydv/code/robopen_research/ros2_ws/install/franka_pybridge_interfaces/include/franka_pybridge_interfaces/franka_pybridge_interfaces/srv/detail/execute_plan_log__type_support.cpp
-- Installing: /home/jaydv/code/robopen_research/ros2_ws/install/franka_pybridge_interfaces/include/franka_pybridge_interfaces/franka_pybridge_interfaces/srv/detail/get_q__type_support.cpp
-- Installing: /home/jaydv/code/robopen_research/ros2_ws/install/franka_pybridge_interfaces/include/franka_pybridge_interfaces/franka_pybridge_interfaces/srv/detail/set_load__type_support.cpp
-- Installing: /home/jaydv/code/robopen_research/ros2_ws/install/franka_pybridge_interfaces/include/franka_pybridge_interfaces/franka_pybridge_interfaces/srv/detail/get_q__rosidl_typesupport_introspection_cpp.hpp
-- Installing: /home/jaydv/code/robopen_research/ros2_ws/install/franka_pybridge_interfaces/include/franka_pybridge_interfaces/franka_pybridge_interfaces/srv/detail/operate_suction__rosidl_typesupport_introspection_cpp.hpp
-- Installing: /home/jaydv/code/robopen_research/ros2_ws/install/franka_pybridge_interfaces/include/franka_pybridge_interfaces/franka_pybridge_interfaces/srv/detail/execute_plan__type_support.cpp
-- Up-to-date: /home/jaydv/code/robopen_research/ros2_ws/install/franka_pybridge_interfaces/include/franka_pybridge_interfaces/franka_pybridge_interfaces/msg
-- Up-to-date: /home/jaydv/code/robopen_research/ros2_ws/install/franka_pybridge_interfaces/include/franka_pybridge_interfaces/franka_pybridge_interfaces/msg/detail
-- Installing: /home/jaydv/code/robopen_research/ros2_ws/install/franka_pybridge_interfaces/include/franka_pybridge_interfaces/franka_pybridge_interfaces/msg/detail/joint_data_array__rosidl_typesupport_introspection_cpp.hpp
-- Installing: /home/jaydv/code/robopen_research/ros2_ws/install/franka_pybridge_interfaces/include/franka_pybridge_interfaces/franka_pybridge_interfaces/msg/detail/joint_data_array__type_support.cpp
-- Installing: /home/jaydv/code/robopen_research/ros2_ws/install/franka_pybridge_interfaces/lib/libfranka_pybridge_interfaces__rosidl_typesupport_introspection_cpp.so
-- Set non-toolchain portion of runtime path of "/home/jaydv/code/robopen_research/ros2_ws/install/franka_pybridge_interfaces/lib/libfranka_pybridge_interfaces__rosidl_typesupport_introspection_cpp.so" to ""
-- Installing: /home/jaydv/code/robopen_research/ros2_ws/install/franka_pybridge_interfaces/lib/libfranka_pybridge_interfaces__rosidl_typesupport_cpp.so
-- Set non-toolchain portion of runtime path of "/home/jaydv/code/robopen_research/ros2_ws/install/franka_pybridge_interfaces/lib/libfranka_pybridge_interfaces__rosidl_typesupport_cpp.so" to ""
-- Installing: /home/jaydv/code/robopen_research/ros2_ws/install/franka_pybridge_interfaces/share/franka_pybridge_interfaces/environment/pythonpath.sh
-- Installing: /home/jaydv/code/robopen_research/ros2_ws/install/franka_pybridge_interfaces/share/franka_pybridge_interfaces/environment/pythonpath.dsv
-- Installing: /home/jaydv/code/robopen_research/ros2_ws/install/franka_pybridge_interfaces/lib/python3.10/site-packages/franka_pybridge_interfaces-0.0.0-py3.10.egg-info
-- Installing: /home/jaydv/code/robopen_research/ros2_ws/install/franka_pybridge_interfaces/lib/python3.10/site-packages/franka_pybridge_interfaces-0.0.0-py3.10.egg-info/top_level.txt
-- Installing: /home/jaydv/code/robopen_research/ros2_ws/install/franka_pybridge_interfaces/lib/python3.10/site-packages/franka_pybridge_interfaces-0.0.0-py3.10.egg-info/SOURCES.txt
-- Installing: /home/jaydv/code/robopen_research/ros2_ws/install/franka_pybridge_interfaces/lib/python3.10/site-packages/franka_pybridge_interfaces-0.0.0-py3.10.egg-info/dependency_links.txt
-- Installing: /home/jaydv/code/robopen_research/ros2_ws/install/franka_pybridge_interfaces/lib/python3.10/site-packages/franka_pybridge_interfaces-0.0.0-py3.10.egg-info/PKG-INFO
-- Installing: /home/jaydv/code/robopen_research/ros2_ws/install/franka_pybridge_interfaces/lib/python3.10/site-packages/franka_pybridge_interfaces
-- Installing: /home/jaydv/code/robopen_research/ros2_ws/install/franka_pybridge_interfaces/lib/python3.10/site-packages/franka_pybridge_interfaces/srv
-- Installing: /home/jaydv/code/robopen_research/ros2_ws/install/franka_pybridge_interfaces/lib/python3.10/site-packages/franka_pybridge_interfaces/srv/_get_q_s.c
-- Installing: /home/jaydv/code/robopen_research/ros2_ws/install/franka_pybridge_interfaces/lib/python3.10/site-packages/franka_pybridge_interfaces/srv/_execute_plan.py
-- Installing: /home/jaydv/code/robopen_research/ros2_ws/install/franka_pybridge_interfaces/lib/python3.10/site-packages/franka_pybridge_interfaces/srv/_get_q.py
-- Installing: /home/jaydv/code/robopen_research/ros2_ws/install/franka_pybridge_interfaces/lib/python3.10/site-packages/franka_pybridge_interfaces/srv/_operate_suction_s.c
-- Installing: /home/jaydv/code/robopen_research/ros2_ws/install/franka_pybridge_interfaces/lib/python3.10/site-packages/franka_pybridge_interfaces/srv/_execute_plan_log_s.c
-- Installing: /home/jaydv/code/robopen_research/ros2_ws/install/franka_pybridge_interfaces/lib/python3.10/site-packages/franka_pybridge_interfaces/srv/__init__.py
-- Installing: /home/jaydv/code/robopen_research/ros2_ws/install/franka_pybridge_interfaces/lib/python3.10/site-packages/franka_pybridge_interfaces/srv/_set_load.py
-- Installing: /home/jaydv/code/robopen_research/ros2_ws/install/franka_pybridge_interfaces/lib/python3.10/site-packages/franka_pybridge_interfaces/srv/_operate_suction.py
-- Installing: /home/jaydv/code/robopen_research/ros2_ws/install/franka_pybridge_interfaces/lib/python3.10/site-packages/franka_pybridge_interfaces/srv/_set_load_s.c
-- Installing: /home/jaydv/code/robopen_research/ros2_ws/install/franka_pybridge_interfaces/lib/python3.10/site-packages/franka_pybridge_interfaces/srv/_execute_plan_s.c
-- Installing: /home/jaydv/code/robopen_research/ros2_ws/install/franka_pybridge_interfaces/lib/python3.10/site-packages/franka_pybridge_interfaces/srv/_execute_plan_log.py
-- Installing: /home/jaydv/code/robopen_research/ros2_ws/install/franka_pybridge_interfaces/lib/python3.10/site-packages/franka_pybridge_interfaces/_franka_pybridge_interfaces_s.ep.rosidl_typesupport_fastrtps_c.c
-- Installing: /home/jaydv/code/robopen_research/ros2_ws/install/franka_pybridge_interfaces/lib/python3.10/site-packages/franka_pybridge_interfaces/franka_pybridge_interfaces_s__rosidl_typesupport_fastrtps_c.cpython-310-x86_64-linux-gnu.so
-- Installing: /home/jaydv/code/robopen_research/ros2_ws/install/franka_pybridge_interfaces/lib/python3.10/site-packages/franka_pybridge_interfaces/msg
-- Installing: /home/jaydv/code/robopen_research/ros2_ws/install/franka_pybridge_interfaces/lib/python3.10/site-packages/franka_pybridge_interfaces/msg/_joint_data_array.py
-- Installing: /home/jaydv/code/robopen_research/ros2_ws/install/franka_pybridge_interfaces/lib/python3.10/site-packages/franka_pybridge_interfaces/msg/__init__.py
-- Installing: /home/jaydv/code/robopen_research/ros2_ws/install/franka_pybridge_interfaces/lib/python3.10/site-packages/franka_pybridge_interfaces/msg/_joint_data_array_s.c
-- Installing: /home/jaydv/code/robopen_research/ros2_ws/install/franka_pybridge_interfaces/lib/python3.10/site-packages/franka_pybridge_interfaces/_franka_pybridge_interfaces_s.ep.rosidl_typesupport_introspection_c.c
-- Installing: /home/jaydv/code/robopen_research/ros2_ws/install/franka_pybridge_interfaces/lib/python3.10/site-packages/franka_pybridge_interfaces/__init__.py
-- Installing: /home/jaydv/code/robopen_research/ros2_ws/install/franka_pybridge_interfaces/lib/python3.10/site-packages/franka_pybridge_interfaces/_franka_pybridge_interfaces_s.ep.rosidl_typesupport_c.c
-- Installing: /home/jaydv/code/robopen_research/ros2_ws/install/franka_pybridge_interfaces/lib/python3.10/site-packages/franka_pybridge_interfaces/franka_pybridge_interfaces_s__rosidl_typesupport_c.cpython-310-x86_64-linux-gnu.so
-- Installing: /home/jaydv/code/robopen_research/ros2_ws/install/franka_pybridge_interfaces/lib/python3.10/site-packages/franka_pybridge_interfaces/franka_pybridge_interfaces_s__rosidl_typesupport_introspection_c.cpython-310-x86_64-linux-gnu.so
-- Installing: /home/jaydv/code/robopen_research/ros2_ws/install/franka_pybridge_interfaces/lib/python3.10/site-packages/franka_pybridge_interfaces/libfranka_pybridge_interfaces__rosidl_generator_py.so
Listing '/home/jaydv/code/robopen_research/ros2_ws/install/franka_pybridge_interfaces/lib/python3.10/site-packages/franka_pybridge_interfaces'...
Compiling '/home/jaydv/code/robopen_research/ros2_ws/install/franka_pybridge_interfaces/lib/python3.10/site-packages/franka_pybridge_interfaces/__init__.py'...
Listing '/home/jaydv/code/robopen_research/ros2_ws/install/franka_pybridge_interfaces/lib/python3.10/site-packages/franka_pybridge_interfaces/msg'...
Compiling '/home/jaydv/code/robopen_research/ros2_ws/install/franka_pybridge_interfaces/lib/python3.10/site-packages/franka_pybridge_interfaces/msg/__init__.py'...
Compiling '/home/jaydv/code/robopen_research/ros2_ws/install/franka_pybridge_interfaces/lib/python3.10/site-packages/franka_pybridge_interfaces/msg/_joint_data_array.py'...
Listing '/home/jaydv/code/robopen_research/ros2_ws/install/franka_pybridge_interfaces/lib/python3.10/site-packages/franka_pybridge_interfaces/srv'...
Compiling '/home/jaydv/code/robopen_research/ros2_ws/install/franka_pybridge_interfaces/lib/python3.10/site-packages/franka_pybridge_interfaces/srv/__init__.py'...
Compiling '/home/jaydv/code/robopen_research/ros2_ws/install/franka_pybridge_interfaces/lib/python3.10/site-packages/franka_pybridge_interfaces/srv/_execute_plan.py'...
Compiling '/home/jaydv/code/robopen_research/ros2_ws/install/franka_pybridge_interfaces/lib/python3.10/site-packages/franka_pybridge_interfaces/srv/_execute_plan_log.py'...
Compiling '/home/jaydv/code/robopen_research/ros2_ws/install/franka_pybridge_interfaces/lib/python3.10/site-packages/franka_pybridge_interfaces/srv/_get_q.py'...
Compiling '/home/jaydv/code/robopen_research/ros2_ws/install/franka_pybridge_interfaces/lib/python3.10/site-packages/franka_pybridge_interfaces/srv/_operate_suction.py'...
Compiling '/home/jaydv/code/robopen_research/ros2_ws/install/franka_pybridge_interfaces/lib/python3.10/site-packages/franka_pybridge_interfaces/srv/_set_load.py'...
-- Installing: /home/jaydv/code/robopen_research/ros2_ws/install/franka_pybridge_interfaces/lib/python3.10/site-packages/franka_pybridge_interfaces/franka_pybridge_interfaces_s__rosidl_typesupport_fastrtps_c.cpython-310-x86_64-linux-gnu.so
-- Set non-toolchain portion of runtime path of "/home/jaydv/code/robopen_research/ros2_ws/install/franka_pybridge_interfaces/lib/python3.10/site-packages/franka_pybridge_interfaces/franka_pybridge_interfaces_s__rosidl_typesupport_fastrtps_c.cpython-310-x86_64-linux-gnu.so" to ""
-- Installing: /home/jaydv/code/robopen_research/ros2_ws/install/franka_pybridge_interfaces/lib/python3.10/site-packages/franka_pybridge_interfaces/franka_pybridge_interfaces_s__rosidl_typesupport_introspection_c.cpython-310-x86_64-linux-gnu.so
-- Set non-toolchain portion of runtime path of "/home/jaydv/code/robopen_research/ros2_ws/install/franka_pybridge_interfaces/lib/python3.10/site-packages/franka_pybridge_interfaces/franka_pybridge_interfaces_s__rosidl_typesupport_introspection_c.cpython-310-x86_64-linux-gnu.so" to ""
-- Installing: /home/jaydv/code/robopen_research/ros2_ws/install/franka_pybridge_interfaces/lib/python3.10/site-packages/franka_pybridge_interfaces/franka_pybridge_interfaces_s__rosidl_typesupport_c.cpython-310-x86_64-linux-gnu.so
-- Set non-toolchain portion of runtime path of "/home/jaydv/code/robopen_research/ros2_ws/install/franka_pybridge_interfaces/lib/python3.10/site-packages/franka_pybridge_interfaces/franka_pybridge_interfaces_s__rosidl_typesupport_c.cpython-310-x86_64-linux-gnu.so" to ""
-- Installing: /home/jaydv/code/robopen_research/ros2_ws/install/franka_pybridge_interfaces/lib/libfranka_pybridge_interfaces__rosidl_generator_py.so
-- Set non-toolchain portion of runtime path of "/home/jaydv/code/robopen_research/ros2_ws/install/franka_pybridge_interfaces/lib/libfranka_pybridge_interfaces__rosidl_generator_py.so" to ""
-- Installing: /home/jaydv/code/robopen_research/ros2_ws/install/franka_pybridge_interfaces/share/franka_pybridge_interfaces/msg/JointDataArray.idl
-- Installing: /home/jaydv/code/robopen_research/ros2_ws/install/franka_pybridge_interfaces/share/franka_pybridge_interfaces/srv/GetQ.idl
-- Installing: /home/jaydv/code/robopen_research/ros2_ws/install/franka_pybridge_interfaces/share/franka_pybridge_interfaces/srv/ExecutePlan.idl
-- Installing: /home/jaydv/code/robopen_research/ros2_ws/install/franka_pybridge_interfaces/share/franka_pybridge_interfaces/srv/ExecutePlanLog.idl
-- Installing: /home/jaydv/code/robopen_research/ros2_ws/install/franka_pybridge_interfaces/share/franka_pybridge_interfaces/srv/OperateSuction.idl
-- Installing: /home/jaydv/code/robopen_research/ros2_ws/install/franka_pybridge_interfaces/share/franka_pybridge_interfaces/srv/SetLoad.idl
-- Installing: /home/jaydv/code/robopen_research/ros2_ws/install/franka_pybridge_interfaces/share/franka_pybridge_interfaces/msg/JointDataArray.msg
-- Installing: /home/jaydv/code/robopen_research/ros2_ws/install/franka_pybridge_interfaces/share/franka_pybridge_interfaces/srv/GetQ.srv
-- Installing: /home/jaydv/code/robopen_research/ros2_ws/install/franka_pybridge_interfaces/share/franka_pybridge_interfaces/srv/GetQ_Request.msg
-- Installing: /home/jaydv/code/robopen_research/ros2_ws/install/franka_pybridge_interfaces/share/franka_pybridge_interfaces/srv/GetQ_Response.msg
-- Installing: /home/jaydv/code/robopen_research/ros2_ws/install/franka_pybridge_interfaces/share/franka_pybridge_interfaces/srv/ExecutePlan.srv
-- Installing: /home/jaydv/code/robopen_research/ros2_ws/install/franka_pybridge_interfaces/share/franka_pybridge_interfaces/srv/ExecutePlan_Request.msg
-- Installing: /home/jaydv/code/robopen_research/ros2_ws/install/franka_pybridge_interfaces/share/franka_pybridge_interfaces/srv/ExecutePlan_Response.msg
-- Installing: /home/jaydv/code/robopen_research/ros2_ws/install/franka_pybridge_interfaces/share/franka_pybridge_interfaces/srv/ExecutePlanLog.srv
-- Installing: /home/jaydv/code/robopen_research/ros2_ws/install/franka_pybridge_interfaces/share/franka_pybridge_interfaces/srv/ExecutePlanLog_Request.msg
-- Installing: /home/jaydv/code/robopen_research/ros2_ws/install/franka_pybridge_interfaces/share/franka_pybridge_interfaces/srv/ExecutePlanLog_Response.msg
-- Installing: /home/jaydv/code/robopen_research/ros2_ws/install/franka_pybridge_interfaces/share/franka_pybridge_interfaces/srv/OperateSuction.srv
-- Installing: /home/jaydv/code/robopen_research/ros2_ws/install/franka_pybridge_interfaces/share/franka_pybridge_interfaces/srv/OperateSuction_Request.msg
-- Installing: /home/jaydv/code/robopen_research/ros2_ws/install/franka_pybridge_interfaces/share/franka_pybridge_interfaces/srv/OperateSuction_Response.msg
-- Installing: /home/jaydv/code/robopen_research/ros2_ws/install/franka_pybridge_interfaces/share/franka_pybridge_interfaces/srv/SetLoad.srv
-- Installing: /home/jaydv/code/robopen_research/ros2_ws/install/franka_pybridge_interfaces/share/franka_pybridge_interfaces/srv/SetLoad_Request.msg
-- Installing: /home/jaydv/code/robopen_research/ros2_ws/install/franka_pybridge_interfaces/share/franka_pybridge_interfaces/srv/SetLoad_Response.msg
-- Installing: /home/jaydv/code/robopen_research/ros2_ws/install/franka_pybridge_interfaces/share/ament_index/resource_index/package_run_dependencies/franka_pybridge_interfaces
-- Installing: /home/jaydv/code/robopen_research/ros2_ws/install/franka_pybridge_interfaces/share/ament_index/resource_index/parent_prefix_path/franka_pybridge_interfaces
-- Installing: /home/jaydv/code/robopen_research/ros2_ws/install/franka_pybridge_interfaces/share/franka_pybridge_interfaces/environment/ament_prefix_path.sh
-- Installing: /home/jaydv/code/robopen_research/ros2_ws/install/franka_pybridge_interfaces/share/franka_pybridge_interfaces/environment/ament_prefix_path.dsv
-- Installing: /home/jaydv/code/robopen_research/ros2_ws/install/franka_pybridge_interfaces/share/franka_pybridge_interfaces/environment/path.sh
-- Installing: /home/jaydv/code/robopen_research/ros2_ws/install/franka_pybridge_interfaces/share/franka_pybridge_interfaces/environment/path.dsv
-- Installing: /home/jaydv/code/robopen_research/ros2_ws/install/franka_pybridge_interfaces/share/franka_pybridge_interfaces/local_setup.bash
-- Installing: /home/jaydv/code/robopen_research/ros2_ws/install/franka_pybridge_interfaces/share/franka_pybridge_interfaces/local_setup.sh
-- Installing: /home/jaydv/code/robopen_research/ros2_ws/install/franka_pybridge_interfaces/share/franka_pybridge_interfaces/local_setup.zsh
-- Installing: /home/jaydv/code/robopen_research/ros2_ws/install/franka_pybridge_interfaces/share/franka_pybridge_interfaces/local_setup.dsv
-- Installing: /home/jaydv/code/robopen_research/ros2_ws/install/franka_pybridge_interfaces/share/franka_pybridge_interfaces/package.dsv
-- Installing: /home/jaydv/code/robopen_research/ros2_ws/install/franka_pybridge_interfaces/share/ament_index/resource_index/packages/franka_pybridge_interfaces
-- Installing: /home/jaydv/code/robopen_research/ros2_ws/install/franka_pybridge_interfaces/share/franka_pybridge_interfaces/cmake/export_franka_pybridge_interfaces__rosidl_generator_cExport.cmake
-- Installing: /home/jaydv/code/robopen_research/ros2_ws/install/franka_pybridge_interfaces/share/franka_pybridge_interfaces/cmake/export_franka_pybridge_interfaces__rosidl_generator_cExport-noconfig.cmake
-- Installing: /home/jaydv/code/robopen_research/ros2_ws/install/franka_pybridge_interfaces/share/franka_pybridge_interfaces/cmake/export_franka_pybridge_interfaces__rosidl_typesupport_fastrtps_cExport.cmake
-- Installing: /home/jaydv/code/robopen_research/ros2_ws/install/franka_pybridge_interfaces/share/franka_pybridge_interfaces/cmake/export_franka_pybridge_interfaces__rosidl_typesupport_fastrtps_cExport-noconfig.cmake
-- Installing: /home/jaydv/code/robopen_research/ros2_ws/install/franka_pybridge_interfaces/share/franka_pybridge_interfaces/cmake/franka_pybridge_interfaces__rosidl_typesupport_introspection_cExport.cmake
-- Installing: /home/jaydv/code/robopen_research/ros2_ws/install/franka_pybridge_interfaces/share/franka_pybridge_interfaces/cmake/franka_pybridge_interfaces__rosidl_typesupport_introspection_cExport-noconfig.cmake
-- Installing: /home/jaydv/code/robopen_research/ros2_ws/install/franka_pybridge_interfaces/share/franka_pybridge_interfaces/cmake/franka_pybridge_interfaces__rosidl_typesupport_cExport.cmake
-- Installing: /home/jaydv/code/robopen_research/ros2_ws/install/franka_pybridge_interfaces/share/franka_pybridge_interfaces/cmake/franka_pybridge_interfaces__rosidl_typesupport_cExport-noconfig.cmake
-- Installing: /home/jaydv/code/robopen_research/ros2_ws/install/franka_pybridge_interfaces/share/franka_pybridge_interfaces/cmake/export_franka_pybridge_interfaces__rosidl_generator_cppExport.cmake
-- Installing: /home/jaydv/code/robopen_research/ros2_ws/install/franka_pybridge_interfaces/share/franka_pybridge_interfaces/cmake/export_franka_pybridge_interfaces__rosidl_typesupport_fastrtps_cppExport.cmake
-- Installing: /home/jaydv/code/robopen_research/ros2_ws/install/franka_pybridge_interfaces/share/franka_pybridge_interfaces/cmake/export_franka_pybridge_interfaces__rosidl_typesupport_fastrtps_cppExport-noconfig.cmake
-- Installing: /home/jaydv/code/robopen_research/ros2_ws/install/franka_pybridge_interfaces/share/franka_pybridge_interfaces/cmake/franka_pybridge_interfaces__rosidl_typesupport_introspection_cppExport.cmake
-- Installing: /home/jaydv/code/robopen_research/ros2_ws/install/franka_pybridge_interfaces/share/franka_pybridge_interfaces/cmake/franka_pybridge_interfaces__rosidl_typesupport_introspection_cppExport-noconfig.cmake
-- Installing: /home/jaydv/code/robopen_research/ros2_ws/install/franka_pybridge_interfaces/share/franka_pybridge_interfaces/cmake/franka_pybridge_interfaces__rosidl_typesupport_cppExport.cmake
-- Installing: /home/jaydv/code/robopen_research/ros2_ws/install/franka_pybridge_interfaces/share/franka_pybridge_interfaces/cmake/franka_pybridge_interfaces__rosidl_typesupport_cppExport-noconfig.cmake
-- Installing: /home/jaydv/code/robopen_research/ros2_ws/install/franka_pybridge_interfaces/share/franka_pybridge_interfaces/cmake/export_franka_pybridge_interfaces__rosidl_generator_pyExport.cmake
-- Installing: /home/jaydv/code/robopen_research/ros2_ws/install/franka_pybridge_interfaces/share/franka_pybridge_interfaces/cmake/export_franka_pybridge_interfaces__rosidl_generator_pyExport-noconfig.cmake
-- Installing: /home/jaydv/code/robopen_research/ros2_ws/install/franka_pybridge_interfaces/share/franka_pybridge_interfaces/cmake/rosidl_cmake-extras.cmake
-- Installing: /home/jaydv/code/robopen_research/ros2_ws/install/franka_pybridge_interfaces/share/franka_pybridge_interfaces/cmake/ament_cmake_export_include_directories-extras.cmake
-- Installing: /home/jaydv/code/robopen_research/ros2_ws/install/franka_pybridge_interfaces/share/franka_pybridge_interfaces/cmake/ament_cmake_export_libraries-extras.cmake
-- Installing: /home/jaydv/code/robopen_research/ros2_ws/install/franka_pybridge_interfaces/share/franka_pybridge_interfaces/cmake/ament_cmake_export_targets-extras.cmake
-- Installing: /home/jaydv/code/robopen_research/ros2_ws/install/franka_pybridge_interfaces/share/franka_pybridge_interfaces/cmake/rosidl_cmake_export_typesupport_targets-extras.cmake
-- Installing: /home/jaydv/code/robopen_research/ros2_ws/install/franka_pybridge_interfaces/share/franka_pybridge_interfaces/cmake/ament_cmake_export_dependencies-extras.cmake
-- Installing: /home/jaydv/code/robopen_research/ros2_ws/install/franka_pybridge_interfaces/share/franka_pybridge_interfaces/cmake/rosidl_cmake_export_typesupport_libraries-extras.cmake
-- Installing: /home/jaydv/code/robopen_research/ros2_ws/install/franka_pybridge_interfaces/share/franka_pybridge_interfaces/cmake/franka_pybridge_interfacesConfig.cmake
-- Installing: /home/jaydv/code/robopen_research/ros2_ws/install/franka_pybridge_interfaces/share/franka_pybridge_interfaces/cmake/franka_pybridge_interfacesConfig-version.cmake
-- Installing: /home/jaydv/code/robopen_research/ros2_ws/install/franka_pybridge_interfaces/share/franka_pybridge_interfaces/package.xml
