[0.015s] Invoking command in '/home/jaydv/code/robopen_research/ros2_ws/build/franka_pybridge_interfaces': CMAKE_PREFIX_PATH=/opt/ros/humble CONDA_PROMPT_MODIFIER=(ilab) /opt/conda/envs/ilab/bin/cmake /home/jaydv/code/robopen_research/ros2_ws/src/franka_pybridge_interfaces -DCMAKE_INSTALL_PREFIX=/home/jaydv/code/robopen_research/ros2_ws/install/franka_pybridge_interfaces
[0.121s] [0mCMake Deprecation Warning at CMakeLists.txt:1 (cmake_minimum_required):
[0.121s]   Compatibility with CMake < 3.10 will be removed from a future version of
[0.121s]   CMake.
[0.122s] 
[0.122s]   Update the VERSION argument <min> value.  Or, use the <min>...<max> syntax
[0.122s]   to tell CMake that the project requires at least <min> but has been updated
[0.122s]   to work with policies introduced by <max> or earlier.
[0.122s] 
[0.122s] [0m
[0.194s] -- The C compiler identification is GNU 11.4.0
[0.297s] -- The CXX compiler identification is GNU 11.4.0
[0.316s] -- Detecting C compiler ABI info
[0.418s] -- Detecting C compiler ABI info - done
[0.442s] -- Check for working C compiler: /usr/bin/cc - skipped
[0.443s] -- Detecting C compile features
[0.444s] -- Detecting C compile features - done
[0.471s] -- Detecting CXX compiler ABI info
[0.588s] -- Detecting CXX compiler ABI info - done
[0.624s] -- Check for working CXX compiler: /usr/bin/c++ - skipped
[0.624s] -- Detecting CXX compile features
[0.625s] -- Detecting CXX compile features - done
[0.650s] -- Found ament_cmake: 1.3.12 (/opt/ros/humble/share/ament_cmake/cmake)
[0.900s] -- Found Python3: /opt/conda/envs/ilab/bin/python3 (found version "3.10.18") found components: Interpreter
[1.027s] -- Found rosidl_default_generators: 1.2.0 (/opt/ros/humble/share/rosidl_default_generators/cmake)
[1.031s] -- Using all available rosidl_typesupport_c: rosidl_typesupport_fastrtps_c;rosidl_typesupport_introspection_c
[1.040s] -- Found rosidl_adapter: 3.1.8 (/opt/ros/humble/share/rosidl_adapter/cmake)
[1.104s] -- Using all available rosidl_typesupport_cpp: rosidl_typesupport_fastrtps_cpp;rosidl_typesupport_introspection_cpp
[1.862s] -- Found ament_cmake_ros: 0.10.0 (/opt/ros/humble/share/ament_cmake_ros/cmake)
[2.672s] -- Using all available rosidl_typesupport_c: rosidl_typesupport_fastrtps_c;rosidl_typesupport_introspection_c
[3.723s] -- Using all available rosidl_typesupport_cpp: rosidl_typesupport_fastrtps_cpp;rosidl_typesupport_introspection_cpp
[3.727s] [33mCMake Warning (dev) at /opt/ros/humble/share/rosidl_generator_py/cmake/rosidl_generator_py_generate_interfaces.cmake:20 (find_package):
[3.727s]   Policy CMP0148 is not set: The FindPythonInterp and FindPythonLibs modules
[3.727s]   are removed.  Run "cmake --help-policy CMP0148" for policy details.  Use
[3.727s]   the cmake_policy command to set the policy and suppress this warning.
[3.727s] 
[3.727s] Call Stack (most recent call first):
[3.728s]   /opt/ros/humble/share/ament_cmake_core/cmake/core/ament_execute_extensions.cmake:48 (include)
[3.728s]   /opt/ros/humble/share/rosidl_cmake/cmake/rosidl_generate_interfaces.cmake:286 (ament_execute_extensions)
[3.728s]   CMakeLists.txt:12 (rosidl_generate_interfaces)
[3.728s] This warning is for project developers.  Use -Wno-dev to suppress it.
[3.728s] [0m
[3.773s] -- Found PythonInterp: /opt/conda/envs/ilab/bin/python3 (found suitable version "3.10.18", minimum required is "3.6")
[3.779s] -- Found python_cmake_module: 0.10.0 (/opt/ros/humble/share/python_cmake_module/cmake)
[3.780s] [33mCMake Warning (dev) at /opt/ros/humble/share/python_cmake_module/cmake/Modules/FindPythonExtra.cmake:52 (find_package):
[3.780s]   Policy CMP0148 is not set: The FindPythonInterp and FindPythonLibs modules
[3.780s]   are removed.  Run "cmake --help-policy CMP0148" for policy details.  Use
[3.780s]   the cmake_policy command to set the policy and suppress this warning.
[3.781s] 
[3.781s] Call Stack (most recent call first):
[3.781s]   /opt/ros/humble/share/rosidl_generator_py/cmake/rosidl_generator_py_generate_interfaces.cmake:23 (find_package)
[3.781s]   /opt/ros/humble/share/ament_cmake_core/cmake/core/ament_execute_extensions.cmake:48 (include)
[3.781s]   /opt/ros/humble/share/rosidl_cmake/cmake/rosidl_generate_interfaces.cmake:286 (ament_execute_extensions)
[3.781s]   CMakeLists.txt:12 (rosidl_generate_interfaces)
[3.781s] This warning is for project developers.  Use -Wno-dev to suppress it.
[3.781s] [0m
[3.819s] [33mCMake Warning (dev) at /opt/ros/humble/share/python_cmake_module/cmake/Modules/FindPythonExtra.cmake:140 (find_package):
[3.819s]   Policy CMP0148 is not set: The FindPythonInterp and FindPythonLibs modules
[3.820s]   are removed.  Run "cmake --help-policy CMP0148" for policy details.  Use
[3.820s]   the cmake_policy command to set the policy and suppress this warning.
[3.820s] 
[3.820s] Call Stack (most recent call first):
[3.820s]   /opt/ros/humble/share/rosidl_generator_py/cmake/rosidl_generator_py_generate_interfaces.cmake:23 (find_package)
[3.820s]   /opt/ros/humble/share/ament_cmake_core/cmake/core/ament_execute_extensions.cmake:48 (include)
[3.820s]   /opt/ros/humble/share/rosidl_cmake/cmake/rosidl_generate_interfaces.cmake:286 (ament_execute_extensions)
[3.820s]   CMakeLists.txt:12 (rosidl_generate_interfaces)
[3.821s] This warning is for project developers.  Use -Wno-dev to suppress it.
[3.821s] [0m
[3.825s] -- Found PythonLibs: /opt/conda/envs/ilab/lib/libpython3.10.so (found suitable version "3.10.18", minimum required is "3.5")
[3.825s] -- Using PYTHON_EXECUTABLE: /opt/conda/envs/ilab/bin/python3
[3.826s] -- Using PYTHON_INCLUDE_DIRS: /opt/conda/envs/ilab/include/python3.10
[3.826s] -- Using PYTHON_LIBRARIES: /opt/conda/envs/ilab/lib/libpython3.10.so
[3.868s] -- Found PythonExtra: .so
[4.110s] -- Using numpy include directory: /opt/conda/envs/ilab/lib/python3.10/site-packages/numpy/core/include
[4.123s] -- Found ament_lint_auto: 0.12.14 (/opt/ros/humble/share/ament_lint_auto/cmake)
[4.157s] -- Added test 'lint_cmake' to check CMake code style
[4.159s] -- Added test 'xmllint' to check XML markup files
[4.164s] -- Configuring done (4.1s)
[4.221s] -- Generating done (0.1s)
[4.232s] -- Build files have been written to: /home/jaydv/code/robopen_research/ros2_ws/build/franka_pybridge_interfaces
[4.249s] Invoked command in '/home/jaydv/code/robopen_research/ros2_ws/build/franka_pybridge_interfaces' returned '0': CMAKE_PREFIX_PATH=/opt/ros/humble CONDA_PROMPT_MODIFIER=(ilab) /opt/conda/envs/ilab/bin/cmake /home/jaydv/code/robopen_research/ros2_ws/src/franka_pybridge_interfaces -DCMAKE_INSTALL_PREFIX=/home/jaydv/code/robopen_research/ros2_ws/install/franka_pybridge_interfaces
[4.252s] Invoking command in '/home/jaydv/code/robopen_research/ros2_ws/build/franka_pybridge_interfaces': CMAKE_PREFIX_PATH=/opt/ros/humble CONDA_PROMPT_MODIFIER=(ilab) /opt/conda/envs/ilab/bin/cmake --build /home/jaydv/code/robopen_research/ros2_ws/build/franka_pybridge_interfaces -- -j48 -l48
[4.386s] [  1%] [1m[34mGenerating C code for ROS interfaces[0m
[4.398s] [  2%] [1m[34mGenerating C++ code for ROS interfaces[0m
[4.405s] [  2%] Built target ament_cmake_python_copy_franka_pybridge_interfaces
[4.751s] running egg_info
[4.774s] creating franka_pybridge_interfaces.egg-info
[4.774s] writing franka_pybridge_interfaces.egg-info/PKG-INFO
[4.774s] writing dependency_links to franka_pybridge_interfaces.egg-info/dependency_links.txt
[4.775s] writing top-level names to franka_pybridge_interfaces.egg-info/top_level.txt
[4.775s] writing manifest file 'franka_pybridge_interfaces.egg-info/SOURCES.txt'
[4.917s] reading manifest file 'franka_pybridge_interfaces.egg-info/SOURCES.txt'
[4.918s] writing manifest file 'franka_pybridge_interfaces.egg-info/SOURCES.txt'
[4.978s] [  2%] Built target ament_cmake_python_build_franka_pybridge_interfaces_egg
[5.221s] [  4%] [32mBuilding C object CMakeFiles/franka_pybridge_interfaces__rosidl_generator_c.dir/rosidl_generator_c/franka_pybridge_interfaces/msg/detail/joint_data_array__functions.c.o[0m
[5.223s] [  5%] [32mBuilding C object CMakeFiles/franka_pybridge_interfaces__rosidl_generator_c.dir/rosidl_generator_c/franka_pybridge_interfaces/srv/detail/get_q__functions.c.o[0m
[5.223s] [  8%] [32mBuilding C object CMakeFiles/franka_pybridge_interfaces__rosidl_generator_c.dir/rosidl_generator_c/franka_pybridge_interfaces/srv/detail/execute_plan_log__functions.c.o[0m
[5.224s] [  9%] [32mBuilding C object CMakeFiles/franka_pybridge_interfaces__rosidl_generator_c.dir/rosidl_generator_c/franka_pybridge_interfaces/srv/detail/execute_plan__functions.c.o[0m
[5.224s] [  9%] [32mBuilding C object CMakeFiles/franka_pybridge_interfaces__rosidl_generator_c.dir/rosidl_generator_c/franka_pybridge_interfaces/srv/detail/operate_suction__functions.c.o[0m
[5.224s] [ 11%] [32mBuilding C object CMakeFiles/franka_pybridge_interfaces__rosidl_generator_c.dir/rosidl_generator_c/franka_pybridge_interfaces/srv/detail/set_load__functions.c.o[0m
[5.317s] [ 11%] Built target franka_pybridge_interfaces__cpp
[5.321s] [ 12%] [1m[32mLinking C shared library libfranka_pybridge_interfaces__rosidl_generator_c.so[0m
[5.327s] [ 14%] [1m[34mGenerating C++ type support dispatch for ROS interfaces[0m
[5.329s] [ 15%] [1m[34mGenerating C++ introspection for ROS interfaces[0m
[5.329s] [ 16%] [1m[34mGenerating C++ type support for eProsima Fast-RTPS[0m
[5.371s] [ 16%] Built target franka_pybridge_interfaces__rosidl_generator_c
[5.383s] [ 19%] [1m[34mGenerating C type support dispatch for ROS interfaces[0m
[5.383s] [ 19%] [1m[34mGenerating C type support for eProsima Fast-RTPS[0m
[5.383s] [ 21%] [1m[34mGenerating C introspection for ROS interfaces[0m
[5.915s] [ 22%] [32mBuilding CXX object CMakeFiles/franka_pybridge_interfaces__rosidl_typesupport_cpp.dir/rosidl_typesupport_cpp/franka_pybridge_interfaces/srv/get_q__type_support.cpp.o[0m
[5.915s] [ 23%] [32mBuilding CXX object CMakeFiles/franka_pybridge_interfaces__rosidl_typesupport_cpp.dir/rosidl_typesupport_cpp/franka_pybridge_interfaces/srv/execute_plan_log__type_support.cpp.o[0m
[5.915s] [ 25%] [32mBuilding CXX object CMakeFiles/franka_pybridge_interfaces__rosidl_typesupport_cpp.dir/rosidl_typesupport_cpp/franka_pybridge_interfaces/msg/joint_data_array__type_support.cpp.o[0m
[5.915s] [ 26%] [32mBuilding CXX object CMakeFiles/franka_pybridge_interfaces__rosidl_typesupport_cpp.dir/rosidl_typesupport_cpp/franka_pybridge_interfaces/srv/execute_plan__type_support.cpp.o[0m
[5.917s] [ 28%] [32mBuilding CXX object CMakeFiles/franka_pybridge_interfaces__rosidl_typesupport_cpp.dir/rosidl_typesupport_cpp/franka_pybridge_interfaces/srv/operate_suction__type_support.cpp.o[0m
[5.917s] [ 29%] [32mBuilding CXX object CMakeFiles/franka_pybridge_interfaces__rosidl_typesupport_cpp.dir/rosidl_typesupport_cpp/franka_pybridge_interfaces/srv/set_load__type_support.cpp.o[0m
[5.995s] [ 32%] [32mBuilding CXX object CMakeFiles/franka_pybridge_interfaces__rosidl_typesupport_c.dir/rosidl_typesupport_c/franka_pybridge_interfaces/srv/get_q__type_support.cpp.o[0m
[5.995s] [ 32%] [32mBuilding CXX object CMakeFiles/franka_pybridge_interfaces__rosidl_typesupport_c.dir/rosidl_typesupport_c/franka_pybridge_interfaces/msg/joint_data_array__type_support.cpp.o[0m
[5.995s] [ 33%] [32mBuilding CXX object CMakeFiles/franka_pybridge_interfaces__rosidl_typesupport_c.dir/rosidl_typesupport_c/franka_pybridge_interfaces/srv/execute_plan__type_support.cpp.o[0m
[5.996s] [ 35%] [32mBuilding CXX object CMakeFiles/franka_pybridge_interfaces__rosidl_typesupport_c.dir/rosidl_typesupport_c/franka_pybridge_interfaces/srv/execute_plan_log__type_support.cpp.o[0m
[5.996s] [ 36%] [32mBuilding CXX object CMakeFiles/franka_pybridge_interfaces__rosidl_typesupport_c.dir/rosidl_typesupport_c/franka_pybridge_interfaces/srv/set_load__type_support.cpp.o[0m
[5.997s] [ 38%] [32mBuilding CXX object CMakeFiles/franka_pybridge_interfaces__rosidl_typesupport_c.dir/rosidl_typesupport_c/franka_pybridge_interfaces/srv/operate_suction__type_support.cpp.o[0m
[6.041s] [ 39%] [32mBuilding CXX object CMakeFiles/franka_pybridge_interfaces__rosidl_typesupport_introspection_cpp.dir/rosidl_typesupport_introspection_cpp/franka_pybridge_interfaces/msg/detail/joint_data_array__type_support.cpp.o[0m
[6.041s] [ 40%] [32mBuilding CXX object CMakeFiles/franka_pybridge_interfaces__rosidl_typesupport_introspection_cpp.dir/rosidl_typesupport_introspection_cpp/franka_pybridge_interfaces/srv/detail/get_q__type_support.cpp.o[0m
[6.042s] [ 42%] [32mBuilding CXX object CMakeFiles/franka_pybridge_interfaces__rosidl_typesupport_introspection_cpp.dir/rosidl_typesupport_introspection_cpp/franka_pybridge_interfaces/srv/detail/execute_plan__type_support.cpp.o[0m
[6.042s] [ 43%] [32mBuilding CXX object CMakeFiles/franka_pybridge_interfaces__rosidl_typesupport_introspection_cpp.dir/rosidl_typesupport_introspection_cpp/franka_pybridge_interfaces/srv/detail/operate_suction__type_support.cpp.o[0m
[6.042s] [ 45%] [32mBuilding CXX object CMakeFiles/franka_pybridge_interfaces__rosidl_typesupport_introspection_cpp.dir/rosidl_typesupport_introspection_cpp/franka_pybridge_interfaces/srv/detail/set_load__type_support.cpp.o[0m
[6.043s] [ 46%] [32mBuilding CXX object CMakeFiles/franka_pybridge_interfaces__rosidl_typesupport_introspection_cpp.dir/rosidl_typesupport_introspection_cpp/franka_pybridge_interfaces/srv/detail/execute_plan_log__type_support.cpp.o[0m
[6.051s] [ 47%] [1m[32mLinking CXX shared library libfranka_pybridge_interfaces__rosidl_typesupport_c.so[0m
[6.096s] [ 47%] Built target franka_pybridge_interfaces__rosidl_typesupport_c
[6.137s] [ 49%] [32mBuilding C object CMakeFiles/franka_pybridge_interfaces__rosidl_typesupport_introspection_c.dir/rosidl_typesupport_introspection_c/franka_pybridge_interfaces/srv/detail/execute_plan__type_support.c.o[0m
[6.138s] [ 50%] [32mBuilding C object CMakeFiles/franka_pybridge_interfaces__rosidl_typesupport_introspection_c.dir/rosidl_typesupport_introspection_c/franka_pybridge_interfaces/srv/detail/get_q__type_support.c.o[0m
[6.138s] [ 53%] [32mBuilding C object CMakeFiles/franka_pybridge_interfaces__rosidl_typesupport_introspection_c.dir/rosidl_typesupport_introspection_c/franka_pybridge_interfaces/srv/detail/set_load__type_support.c.o[0m
[6.138s] [ 54%] [32mBuilding C object CMakeFiles/franka_pybridge_interfaces__rosidl_typesupport_introspection_c.dir/rosidl_typesupport_introspection_c/franka_pybridge_interfaces/srv/detail/operate_suction__type_support.c.o[0m
[6.138s] [ 54%] [32mBuilding C object CMakeFiles/franka_pybridge_interfaces__rosidl_typesupport_introspection_c.dir/rosidl_typesupport_introspection_c/franka_pybridge_interfaces/msg/detail/joint_data_array__type_support.c.o[0m
[6.141s] [ 56%] [32mBuilding C object CMakeFiles/franka_pybridge_interfaces__rosidl_typesupport_introspection_c.dir/rosidl_typesupport_introspection_c/franka_pybridge_interfaces/srv/detail/execute_plan_log__type_support.c.o[0m
[6.151s] [ 57%] [32mBuilding CXX object CMakeFiles/franka_pybridge_interfaces__rosidl_typesupport_fastrtps_cpp.dir/rosidl_typesupport_fastrtps_cpp/franka_pybridge_interfaces/msg/detail/dds_fastrtps/joint_data_array__type_support.cpp.o[0m
[6.153s] [ 59%] [32mBuilding CXX object CMakeFiles/franka_pybridge_interfaces__rosidl_typesupport_fastrtps_cpp.dir/rosidl_typesupport_fastrtps_cpp/franka_pybridge_interfaces/srv/detail/dds_fastrtps/execute_plan__type_support.cpp.o[0m
[6.153s] [ 60%] [32mBuilding CXX object CMakeFiles/franka_pybridge_interfaces__rosidl_typesupport_fastrtps_cpp.dir/rosidl_typesupport_fastrtps_cpp/franka_pybridge_interfaces/srv/detail/dds_fastrtps/operate_suction__type_support.cpp.o[0m
[6.153s] [ 63%] [32mBuilding CXX object CMakeFiles/franka_pybridge_interfaces__rosidl_typesupport_fastrtps_cpp.dir/rosidl_typesupport_fastrtps_cpp/franka_pybridge_interfaces/srv/detail/dds_fastrtps/get_q__type_support.cpp.o[0m
[6.154s] [ 63%] [32mBuilding CXX object CMakeFiles/franka_pybridge_interfaces__rosidl_typesupport_fastrtps_cpp.dir/rosidl_typesupport_fastrtps_cpp/franka_pybridge_interfaces/srv/detail/dds_fastrtps/execute_plan_log__type_support.cpp.o[0m
[6.155s] [ 64%] [32mBuilding CXX object CMakeFiles/franka_pybridge_interfaces__rosidl_typesupport_fastrtps_cpp.dir/rosidl_typesupport_fastrtps_cpp/franka_pybridge_interfaces/srv/detail/dds_fastrtps/set_load__type_support.cpp.o[0m
[6.188s] [ 66%] [32mBuilding CXX object CMakeFiles/franka_pybridge_interfaces__rosidl_typesupport_fastrtps_c.dir/rosidl_typesupport_fastrtps_c/franka_pybridge_interfaces/msg/detail/joint_data_array__type_support_c.cpp.o[0m
[6.188s] [ 67%] [32mBuilding CXX object CMakeFiles/franka_pybridge_interfaces__rosidl_typesupport_fastrtps_c.dir/rosidl_typesupport_fastrtps_c/franka_pybridge_interfaces/srv/detail/execute_plan__type_support_c.cpp.o[0m
[6.189s] [ 69%] [32mBuilding CXX object CMakeFiles/franka_pybridge_interfaces__rosidl_typesupport_fastrtps_c.dir/rosidl_typesupport_fastrtps_c/franka_pybridge_interfaces/srv/detail/get_q__type_support_c.cpp.o[0m
[6.190s] [ 70%] [32mBuilding CXX object CMakeFiles/franka_pybridge_interfaces__rosidl_typesupport_fastrtps_c.dir/rosidl_typesupport_fastrtps_c/franka_pybridge_interfaces/srv/detail/execute_plan_log__type_support_c.cpp.o[0m
[6.191s] [ 71%] [32mBuilding CXX object CMakeFiles/franka_pybridge_interfaces__rosidl_typesupport_fastrtps_c.dir/rosidl_typesupport_fastrtps_c/franka_pybridge_interfaces/srv/detail/operate_suction__type_support_c.cpp.o[0m
[6.192s] [ 73%] [32mBuilding CXX object CMakeFiles/franka_pybridge_interfaces__rosidl_typesupport_fastrtps_c.dir/rosidl_typesupport_fastrtps_c/franka_pybridge_interfaces/srv/detail/set_load__type_support_c.cpp.o[0m
[6.267s] [ 74%] [1m[32mLinking CXX shared library libfranka_pybridge_interfaces__rosidl_typesupport_cpp.so[0m
[6.314s] [ 76%] [1m[32mLinking C shared library libfranka_pybridge_interfaces__rosidl_typesupport_introspection_c.so[0m
[6.322s] [ 76%] Built target franka_pybridge_interfaces__rosidl_typesupport_cpp
[6.352s] [ 76%] Built target franka_pybridge_interfaces__rosidl_typesupport_introspection_c
[6.665s] [ 77%] [1m[32mLinking CXX shared library libfranka_pybridge_interfaces__rosidl_typesupport_introspection_cpp.so[0m
[6.713s] [ 78%] [1m[32mLinking CXX shared library libfranka_pybridge_interfaces__rosidl_typesupport_fastrtps_c.so[0m
[6.744s] [ 78%] Built target franka_pybridge_interfaces__rosidl_typesupport_introspection_cpp
[6.748s] [ 80%] [1m[32mLinking CXX shared library libfranka_pybridge_interfaces__rosidl_typesupport_fastrtps_cpp.so[0m
[6.812s] [ 80%] Built target franka_pybridge_interfaces__rosidl_typesupport_fastrtps_c
[6.829s] [ 80%] Built target franka_pybridge_interfaces__rosidl_typesupport_fastrtps_cpp
[6.849s] [ 80%] Built target franka_pybridge_interfaces
[6.872s] [ 81%] [1m[34mGenerating Python code for ROS interfaces[0m
[8.269s] [ 81%] Built target franka_pybridge_interfaces__py
[8.290s] [ 83%] [32mBuilding C object CMakeFiles/franka_pybridge_interfaces__rosidl_generator_py.dir/rosidl_generator_py/franka_pybridge_interfaces/srv/_get_q_s.c.o[0m
[8.291s] [ 84%] [32mBuilding C object CMakeFiles/franka_pybridge_interfaces__rosidl_generator_py.dir/rosidl_generator_py/franka_pybridge_interfaces/srv/_execute_plan_log_s.c.o[0m
[8.292s] [ 85%] [32mBuilding C object CMakeFiles/franka_pybridge_interfaces__rosidl_generator_py.dir/rosidl_generator_py/franka_pybridge_interfaces/srv/_execute_plan_s.c.o[0m
[8.292s] [ 87%] [32mBuilding C object CMakeFiles/franka_pybridge_interfaces__rosidl_generator_py.dir/rosidl_generator_py/franka_pybridge_interfaces/msg/_joint_data_array_s.c.o[0m
[8.294s] [ 90%] [32mBuilding C object CMakeFiles/franka_pybridge_interfaces__rosidl_generator_py.dir/rosidl_generator_py/franka_pybridge_interfaces/srv/_set_load_s.c.o[0m
[8.294s] [ 90%] [32mBuilding C object CMakeFiles/franka_pybridge_interfaces__rosidl_generator_py.dir/rosidl_generator_py/franka_pybridge_interfaces/srv/_operate_suction_s.c.o[0m
[8.545s] [ 91%] [1m[32mLinking C shared library rosidl_generator_py/franka_pybridge_interfaces/libfranka_pybridge_interfaces__rosidl_generator_py.so[0m
[8.589s] [ 91%] Built target franka_pybridge_interfaces__rosidl_generator_py
[8.606s] [ 92%] [32mBuilding C object CMakeFiles/franka_pybridge_interfaces__rosidl_typesupport_fastrtps_c__pyext.dir/rosidl_generator_py/franka_pybridge_interfaces/_franka_pybridge_interfaces_s.ep.rosidl_typesupport_fastrtps_c.c.o[0m
[8.609s] [ 94%] [32mBuilding C object CMakeFiles/franka_pybridge_interfaces__rosidl_typesupport_introspection_c__pyext.dir/rosidl_generator_py/franka_pybridge_interfaces/_franka_pybridge_interfaces_s.ep.rosidl_typesupport_introspection_c.c.o[0m
[8.611s] [ 95%] [32mBuilding C object CMakeFiles/franka_pybridge_interfaces__rosidl_typesupport_c__pyext.dir/rosidl_generator_py/franka_pybridge_interfaces/_franka_pybridge_interfaces_s.ep.rosidl_typesupport_c.c.o[0m
[8.741s] [ 97%] [1m[32mLinking C shared library rosidl_generator_py/franka_pybridge_interfaces/franka_pybridge_interfaces_s__rosidl_typesupport_introspection_c.cpython-310-x86_64-linux-gnu.so[0m
[8.742s] [ 98%] [1m[32mLinking C shared library rosidl_generator_py/franka_pybridge_interfaces/franka_pybridge_interfaces_s__rosidl_typesupport_fastrtps_c.cpython-310-x86_64-linux-gnu.so[0m
[8.746s] [100%] [1m[32mLinking C shared library rosidl_generator_py/franka_pybridge_interfaces/franka_pybridge_interfaces_s__rosidl_typesupport_c.cpython-310-x86_64-linux-gnu.so[0m
[8.775s] [100%] Built target franka_pybridge_interfaces__rosidl_typesupport_introspection_c__pyext
[8.780s] [100%] Built target franka_pybridge_interfaces__rosidl_typesupport_fastrtps_c__pyext
[8.782s] [100%] Built target franka_pybridge_interfaces__rosidl_typesupport_c__pyext
[8.793s] Invoked command in '/home/jaydv/code/robopen_research/ros2_ws/build/franka_pybridge_interfaces' returned '0': CMAKE_PREFIX_PATH=/opt/ros/humble CONDA_PROMPT_MODIFIER=(ilab) /opt/conda/envs/ilab/bin/cmake --build /home/jaydv/code/robopen_research/ros2_ws/build/franka_pybridge_interfaces -- -j48 -l48
[8.891s] Invoking command in '/home/jaydv/code/robopen_research/ros2_ws/build/franka_pybridge_interfaces': CMAKE_PREFIX_PATH=/opt/ros/humble CONDA_PROMPT_MODIFIER=(ilab) /opt/conda/envs/ilab/bin/cmake --install /home/jaydv/code/robopen_research/ros2_ws/build/franka_pybridge_interfaces
[8.985s] -- Install configuration: ""
[8.985s] -- Installing: /home/jaydv/code/robopen_research/ros2_ws/install/franka_pybridge_interfaces/share/ament_index/resource_index/rosidl_interfaces/franka_pybridge_interfaces
[8.985s] -- Installing: /home/jaydv/code/robopen_research/ros2_ws/install/franka_pybridge_interfaces/include/franka_pybridge_interfaces/franka_pybridge_interfaces
[8.985s] -- Installing: /home/jaydv/code/robopen_research/ros2_ws/install/franka_pybridge_interfaces/include/franka_pybridge_interfaces/franka_pybridge_interfaces/srv
[8.986s] -- Installing: /home/jaydv/code/robopen_research/ros2_ws/install/franka_pybridge_interfaces/include/franka_pybridge_interfaces/franka_pybridge_interfaces/srv/detail
[8.986s] -- Installing: /home/jaydv/code/robopen_research/ros2_ws/install/franka_pybridge_interfaces/include/franka_pybridge_interfaces/franka_pybridge_interfaces/srv/detail/get_q__functions.h
[8.986s] -- Installing: /home/jaydv/code/robopen_research/ros2_ws/install/franka_pybridge_interfaces/include/franka_pybridge_interfaces/franka_pybridge_interfaces/srv/detail/execute_plan__functions.h
[8.986s] -- Installing: /home/jaydv/code/robopen_research/ros2_ws/install/franka_pybridge_interfaces/include/franka_pybridge_interfaces/franka_pybridge_interfaces/srv/detail/execute_plan_log__type_support.h
[8.986s] -- Installing: /home/jaydv/code/robopen_research/ros2_ws/install/franka_pybridge_interfaces/include/franka_pybridge_interfaces/franka_pybridge_interfaces/srv/detail/operate_suction__type_support.h
[8.987s] -- Installing: /home/jaydv/code/robopen_research/ros2_ws/install/franka_pybridge_interfaces/include/franka_pybridge_interfaces/franka_pybridge_interfaces/srv/detail/operate_suction__functions.c
[8.987s] -- Installing: /home/jaydv/code/robopen_research/ros2_ws/install/franka_pybridge_interfaces/include/franka_pybridge_interfaces/franka_pybridge_interfaces/srv/detail/set_load__type_support.h
[8.987s] -- Installing: /home/jaydv/code/robopen_research/ros2_ws/install/franka_pybridge_interfaces/include/franka_pybridge_interfaces/franka_pybridge_interfaces/srv/detail/operate_suction__struct.h
[8.987s] -- Installing: /home/jaydv/code/robopen_research/ros2_ws/install/franka_pybridge_interfaces/include/franka_pybridge_interfaces/franka_pybridge_interfaces/srv/detail/set_load__struct.h
[8.987s] -- Installing: /home/jaydv/code/robopen_research/ros2_ws/install/franka_pybridge_interfaces/include/franka_pybridge_interfaces/franka_pybridge_interfaces/srv/detail/execute_plan__type_support.h
[8.988s] -- Installing: /home/jaydv/code/robopen_research/ros2_ws/install/franka_pybridge_interfaces/include/franka_pybridge_interfaces/franka_pybridge_interfaces/srv/detail/execute_plan_log__functions.c
[8.988s] -- Installing: /home/jaydv/code/robopen_research/ros2_ws/install/franka_pybridge_interfaces/include/franka_pybridge_interfaces/franka_pybridge_interfaces/srv/detail/operate_suction__functions.h
[8.988s] -- Installing: /home/jaydv/code/robopen_research/ros2_ws/install/franka_pybridge_interfaces/include/franka_pybridge_interfaces/franka_pybridge_interfaces/srv/detail/execute_plan__struct.h
[8.988s] -- Installing: /home/jaydv/code/robopen_research/ros2_ws/install/franka_pybridge_interfaces/include/franka_pybridge_interfaces/franka_pybridge_interfaces/srv/detail/set_load__functions.c
[8.989s] -- Installing: /home/jaydv/code/robopen_research/ros2_ws/install/franka_pybridge_interfaces/include/franka_pybridge_interfaces/franka_pybridge_interfaces/srv/detail/execute_plan_log__functions.h
[8.989s] -- Installing: /home/jaydv/code/robopen_research/ros2_ws/install/franka_pybridge_interfaces/include/franka_pybridge_interfaces/franka_pybridge_interfaces/srv/detail/set_load__functions.h
[8.989s] -- Installing: /home/jaydv/code/robopen_research/ros2_ws/install/franka_pybridge_interfaces/include/franka_pybridge_interfaces/franka_pybridge_interfaces/srv/detail/get_q__struct.h
[8.989s] -- Installing: /home/jaydv/code/robopen_research/ros2_ws/install/franka_pybridge_interfaces/include/franka_pybridge_interfaces/franka_pybridge_interfaces/srv/detail/execute_plan_log__struct.h
[8.989s] -- Installing: /home/jaydv/code/robopen_research/ros2_ws/install/franka_pybridge_interfaces/include/franka_pybridge_interfaces/franka_pybridge_interfaces/srv/detail/get_q__functions.c
[8.990s] -- Installing: /home/jaydv/code/robopen_research/ros2_ws/install/franka_pybridge_interfaces/include/franka_pybridge_interfaces/franka_pybridge_interfaces/srv/detail/execute_plan__functions.c
[8.990s] -- Installing: /home/jaydv/code/robopen_research/ros2_ws/install/franka_pybridge_interfaces/include/franka_pybridge_interfaces/franka_pybridge_interfaces/srv/detail/get_q__type_support.h
[8.990s] -- Installing: /home/jaydv/code/robopen_research/ros2_ws/install/franka_pybridge_interfaces/include/franka_pybridge_interfaces/franka_pybridge_interfaces/srv/execute_plan_log.h
[8.990s] -- Installing: /home/jaydv/code/robopen_research/ros2_ws/install/franka_pybridge_interfaces/include/franka_pybridge_interfaces/franka_pybridge_interfaces/srv/operate_suction.h
[8.991s] -- Installing: /home/jaydv/code/robopen_research/ros2_ws/install/franka_pybridge_interfaces/include/franka_pybridge_interfaces/franka_pybridge_interfaces/srv/get_q.h
[8.991s] -- Installing: /home/jaydv/code/robopen_research/ros2_ws/install/franka_pybridge_interfaces/include/franka_pybridge_interfaces/franka_pybridge_interfaces/srv/set_load.h
[8.991s] -- Installing: /home/jaydv/code/robopen_research/ros2_ws/install/franka_pybridge_interfaces/include/franka_pybridge_interfaces/franka_pybridge_interfaces/srv/execute_plan.h
[8.991s] -- Installing: /home/jaydv/code/robopen_research/ros2_ws/install/franka_pybridge_interfaces/include/franka_pybridge_interfaces/franka_pybridge_interfaces/msg
[8.991s] -- Installing: /home/jaydv/code/robopen_research/ros2_ws/install/franka_pybridge_interfaces/include/franka_pybridge_interfaces/franka_pybridge_interfaces/msg/detail
[8.991s] -- Installing: /home/jaydv/code/robopen_research/ros2_ws/install/franka_pybridge_interfaces/include/franka_pybridge_interfaces/franka_pybridge_interfaces/msg/detail/joint_data_array__type_support.h
[8.991s] -- Installing: /home/jaydv/code/robopen_research/ros2_ws/install/franka_pybridge_interfaces/include/franka_pybridge_interfaces/franka_pybridge_interfaces/msg/detail/joint_data_array__functions.c
[8.992s] -- Installing: /home/jaydv/code/robopen_research/ros2_ws/install/franka_pybridge_interfaces/include/franka_pybridge_interfaces/franka_pybridge_interfaces/msg/detail/joint_data_array__functions.h
[8.992s] -- Installing: /home/jaydv/code/robopen_research/ros2_ws/install/franka_pybridge_interfaces/include/franka_pybridge_interfaces/franka_pybridge_interfaces/msg/detail/joint_data_array__struct.h
[8.992s] -- Installing: /home/jaydv/code/robopen_research/ros2_ws/install/franka_pybridge_interfaces/include/franka_pybridge_interfaces/franka_pybridge_interfaces/msg/joint_data_array.h
[8.992s] -- Installing: /home/jaydv/code/robopen_research/ros2_ws/install/franka_pybridge_interfaces/include/franka_pybridge_interfaces/franka_pybridge_interfaces/msg/rosidl_generator_c__visibility_control.h
[8.992s] -- Installing: /home/jaydv/code/robopen_research/ros2_ws/install/franka_pybridge_interfaces/share/franka_pybridge_interfaces/environment/library_path.sh
[8.993s] -- Installing: /home/jaydv/code/robopen_research/ros2_ws/install/franka_pybridge_interfaces/share/franka_pybridge_interfaces/environment/library_path.dsv
[8.993s] -- Installing: /home/jaydv/code/robopen_research/ros2_ws/install/franka_pybridge_interfaces/lib/libfranka_pybridge_interfaces__rosidl_generator_c.so
[8.994s] -- Set non-toolchain portion of runtime path of "/home/jaydv/code/robopen_research/ros2_ws/install/franka_pybridge_interfaces/lib/libfranka_pybridge_interfaces__rosidl_generator_c.so" to ""
[8.994s] -- Up-to-date: /home/jaydv/code/robopen_research/ros2_ws/install/franka_pybridge_interfaces/include/franka_pybridge_interfaces/franka_pybridge_interfaces
[8.995s] -- Up-to-date: /home/jaydv/code/robopen_research/ros2_ws/install/franka_pybridge_interfaces/include/franka_pybridge_interfaces/franka_pybridge_interfaces/srv
[8.995s] -- Up-to-date: /home/jaydv/code/robopen_research/ros2_ws/install/franka_pybridge_interfaces/include/franka_pybridge_interfaces/franka_pybridge_interfaces/srv/detail
[8.995s] -- Installing: /home/jaydv/code/robopen_research/ros2_ws/install/franka_pybridge_interfaces/include/franka_pybridge_interfaces/franka_pybridge_interfaces/srv/detail/operate_suction__rosidl_typesupport_fastrtps_c.h
[8.995s] -- Installing: /home/jaydv/code/robopen_research/ros2_ws/install/franka_pybridge_interfaces/include/franka_pybridge_interfaces/franka_pybridge_interfaces/srv/detail/execute_plan_log__rosidl_typesupport_fastrtps_c.h
[8.995s] -- Installing: /home/jaydv/code/robopen_research/ros2_ws/install/franka_pybridge_interfaces/include/franka_pybridge_interfaces/franka_pybridge_interfaces/srv/detail/set_load__rosidl_typesupport_fastrtps_c.h
[8.995s] -- Installing: /home/jaydv/code/robopen_research/ros2_ws/install/franka_pybridge_interfaces/include/franka_pybridge_interfaces/franka_pybridge_interfaces/srv/detail/get_q__rosidl_typesupport_fastrtps_c.h
[8.996s] -- Installing: /home/jaydv/code/robopen_research/ros2_ws/install/franka_pybridge_interfaces/include/franka_pybridge_interfaces/franka_pybridge_interfaces/srv/detail/execute_plan__rosidl_typesupport_fastrtps_c.h
[8.996s] -- Up-to-date: /home/jaydv/code/robopen_research/ros2_ws/install/franka_pybridge_interfaces/include/franka_pybridge_interfaces/franka_pybridge_interfaces/msg
[8.996s] -- Up-to-date: /home/jaydv/code/robopen_research/ros2_ws/install/franka_pybridge_interfaces/include/franka_pybridge_interfaces/franka_pybridge_interfaces/msg/detail
[8.996s] -- Installing: /home/jaydv/code/robopen_research/ros2_ws/install/franka_pybridge_interfaces/include/franka_pybridge_interfaces/franka_pybridge_interfaces/msg/detail/joint_data_array__rosidl_typesupport_fastrtps_c.h
[8.996s] -- Installing: /home/jaydv/code/robopen_research/ros2_ws/install/franka_pybridge_interfaces/include/franka_pybridge_interfaces/franka_pybridge_interfaces/msg/rosidl_typesupport_fastrtps_c__visibility_control.h
[8.996s] -- Installing: /home/jaydv/code/robopen_research/ros2_ws/install/franka_pybridge_interfaces/lib/libfranka_pybridge_interfaces__rosidl_typesupport_fastrtps_c.so
[8.997s] -- Set non-toolchain portion of runtime path of "/home/jaydv/code/robopen_research/ros2_ws/install/franka_pybridge_interfaces/lib/libfranka_pybridge_interfaces__rosidl_typesupport_fastrtps_c.so" to ""
[8.997s] -- Up-to-date: /home/jaydv/code/robopen_research/ros2_ws/install/franka_pybridge_interfaces/include/franka_pybridge_interfaces/franka_pybridge_interfaces
[8.997s] -- Up-to-date: /home/jaydv/code/robopen_research/ros2_ws/install/franka_pybridge_interfaces/include/franka_pybridge_interfaces/franka_pybridge_interfaces/srv
[8.997s] -- Up-to-date: /home/jaydv/code/robopen_research/ros2_ws/install/franka_pybridge_interfaces/include/franka_pybridge_interfaces/franka_pybridge_interfaces/srv/detail
[8.997s] -- Installing: /home/jaydv/code/robopen_research/ros2_ws/install/franka_pybridge_interfaces/include/franka_pybridge_interfaces/franka_pybridge_interfaces/srv/detail/get_q__type_support.c
[8.997s] -- Installing: /home/jaydv/code/robopen_research/ros2_ws/install/franka_pybridge_interfaces/include/franka_pybridge_interfaces/franka_pybridge_interfaces/srv/detail/execute_plan__type_support.c
[8.997s] -- Installing: /home/jaydv/code/robopen_research/ros2_ws/install/franka_pybridge_interfaces/include/franka_pybridge_interfaces/franka_pybridge_interfaces/srv/detail/operate_suction__rosidl_typesupport_introspection_c.h
[8.998s] -- Installing: /home/jaydv/code/robopen_research/ros2_ws/install/franka_pybridge_interfaces/include/franka_pybridge_interfaces/franka_pybridge_interfaces/srv/detail/set_load__rosidl_typesupport_introspection_c.h
[8.998s] -- Installing: /home/jaydv/code/robopen_research/ros2_ws/install/franka_pybridge_interfaces/include/franka_pybridge_interfaces/franka_pybridge_interfaces/srv/detail/get_q__rosidl_typesupport_introspection_c.h
[8.998s] -- Installing: /home/jaydv/code/robopen_research/ros2_ws/install/franka_pybridge_interfaces/include/franka_pybridge_interfaces/franka_pybridge_interfaces/srv/detail/operate_suction__type_support.c
[8.998s] -- Installing: /home/jaydv/code/robopen_research/ros2_ws/install/franka_pybridge_interfaces/include/franka_pybridge_interfaces/franka_pybridge_interfaces/srv/detail/set_load__type_support.c
[8.998s] -- Installing: /home/jaydv/code/robopen_research/ros2_ws/install/franka_pybridge_interfaces/include/franka_pybridge_interfaces/franka_pybridge_interfaces/srv/detail/execute_plan__rosidl_typesupport_introspection_c.h
[8.998s] -- Installing: /home/jaydv/code/robopen_research/ros2_ws/install/franka_pybridge_interfaces/include/franka_pybridge_interfaces/franka_pybridge_interfaces/srv/detail/execute_plan_log__type_support.c
[8.998s] -- Installing: /home/jaydv/code/robopen_research/ros2_ws/install/franka_pybridge_interfaces/include/franka_pybridge_interfaces/franka_pybridge_interfaces/srv/detail/execute_plan_log__rosidl_typesupport_introspection_c.h
[8.999s] -- Up-to-date: /home/jaydv/code/robopen_research/ros2_ws/install/franka_pybridge_interfaces/include/franka_pybridge_interfaces/franka_pybridge_interfaces/msg
[8.999s] -- Up-to-date: /home/jaydv/code/robopen_research/ros2_ws/install/franka_pybridge_interfaces/include/franka_pybridge_interfaces/franka_pybridge_interfaces/msg/detail
[8.999s] -- Installing: /home/jaydv/code/robopen_research/ros2_ws/install/franka_pybridge_interfaces/include/franka_pybridge_interfaces/franka_pybridge_interfaces/msg/detail/joint_data_array__type_support.c
[8.999s] -- Installing: /home/jaydv/code/robopen_research/ros2_ws/install/franka_pybridge_interfaces/include/franka_pybridge_interfaces/franka_pybridge_interfaces/msg/detail/joint_data_array__rosidl_typesupport_introspection_c.h
[8.999s] -- Installing: /home/jaydv/code/robopen_research/ros2_ws/install/franka_pybridge_interfaces/include/franka_pybridge_interfaces/franka_pybridge_interfaces/msg/rosidl_typesupport_introspection_c__visibility_control.h
[8.999s] -- Installing: /home/jaydv/code/robopen_research/ros2_ws/install/franka_pybridge_interfaces/lib/libfranka_pybridge_interfaces__rosidl_typesupport_introspection_c.so
[9.000s] -- Set non-toolchain portion of runtime path of "/home/jaydv/code/robopen_research/ros2_ws/install/franka_pybridge_interfaces/lib/libfranka_pybridge_interfaces__rosidl_typesupport_introspection_c.so" to ""
[9.000s] -- Installing: /home/jaydv/code/robopen_research/ros2_ws/install/franka_pybridge_interfaces/lib/libfranka_pybridge_interfaces__rosidl_typesupport_c.so
[9.001s] -- Set non-toolchain portion of runtime path of "/home/jaydv/code/robopen_research/ros2_ws/install/franka_pybridge_interfaces/lib/libfranka_pybridge_interfaces__rosidl_typesupport_c.so" to ""
[9.001s] -- Up-to-date: /home/jaydv/code/robopen_research/ros2_ws/install/franka_pybridge_interfaces/include/franka_pybridge_interfaces/franka_pybridge_interfaces
[9.001s] -- Up-to-date: /home/jaydv/code/robopen_research/ros2_ws/install/franka_pybridge_interfaces/include/franka_pybridge_interfaces/franka_pybridge_interfaces/srv
[9.001s] -- Up-to-date: /home/jaydv/code/robopen_research/ros2_ws/install/franka_pybridge_interfaces/include/franka_pybridge_interfaces/franka_pybridge_interfaces/srv/detail
[9.001s] -- Installing: /home/jaydv/code/robopen_research/ros2_ws/install/franka_pybridge_interfaces/include/franka_pybridge_interfaces/franka_pybridge_interfaces/srv/detail/operate_suction__builder.hpp
[9.001s] -- Installing: /home/jaydv/code/robopen_research/ros2_ws/install/franka_pybridge_interfaces/include/franka_pybridge_interfaces/franka_pybridge_interfaces/srv/detail/get_q__traits.hpp
[9.001s] -- Installing: /home/jaydv/code/robopen_research/ros2_ws/install/franka_pybridge_interfaces/include/franka_pybridge_interfaces/franka_pybridge_interfaces/srv/detail/execute_plan_log__builder.hpp
[9.002s] -- Installing: /home/jaydv/code/robopen_research/ros2_ws/install/franka_pybridge_interfaces/include/franka_pybridge_interfaces/franka_pybridge_interfaces/srv/detail/execute_plan__traits.hpp
[9.002s] -- Installing: /home/jaydv/code/robopen_research/ros2_ws/install/franka_pybridge_interfaces/include/franka_pybridge_interfaces/franka_pybridge_interfaces/srv/detail/get_q__builder.hpp
[9.002s] -- Installing: /home/jaydv/code/robopen_research/ros2_ws/install/franka_pybridge_interfaces/include/franka_pybridge_interfaces/franka_pybridge_interfaces/srv/detail/operate_suction__traits.hpp
[9.002s] -- Installing: /home/jaydv/code/robopen_research/ros2_ws/install/franka_pybridge_interfaces/include/franka_pybridge_interfaces/franka_pybridge_interfaces/srv/detail/execute_plan_log__traits.hpp
[9.002s] -- Installing: /home/jaydv/code/robopen_research/ros2_ws/install/franka_pybridge_interfaces/include/franka_pybridge_interfaces/franka_pybridge_interfaces/srv/detail/execute_plan_log__struct.hpp
[9.002s] -- Installing: /home/jaydv/code/robopen_research/ros2_ws/install/franka_pybridge_interfaces/include/franka_pybridge_interfaces/franka_pybridge_interfaces/srv/detail/set_load__traits.hpp
[9.003s] -- Installing: /home/jaydv/code/robopen_research/ros2_ws/install/franka_pybridge_interfaces/include/franka_pybridge_interfaces/franka_pybridge_interfaces/srv/detail/execute_plan__type_support.hpp
[9.003s] -- Installing: /home/jaydv/code/robopen_research/ros2_ws/install/franka_pybridge_interfaces/include/franka_pybridge_interfaces/franka_pybridge_interfaces/srv/detail/get_q__type_support.hpp
[9.003s] -- Installing: /home/jaydv/code/robopen_research/ros2_ws/install/franka_pybridge_interfaces/include/franka_pybridge_interfaces/franka_pybridge_interfaces/srv/detail/operate_suction__struct.hpp
[9.003s] -- Installing: /home/jaydv/code/robopen_research/ros2_ws/install/franka_pybridge_interfaces/include/franka_pybridge_interfaces/franka_pybridge_interfaces/srv/detail/get_q__struct.hpp
[9.003s] -- Installing: /home/jaydv/code/robopen_research/ros2_ws/install/franka_pybridge_interfaces/include/franka_pybridge_interfaces/franka_pybridge_interfaces/srv/detail/execute_plan_log__type_support.hpp
[9.003s] -- Installing: /home/jaydv/code/robopen_research/ros2_ws/install/franka_pybridge_interfaces/include/franka_pybridge_interfaces/franka_pybridge_interfaces/srv/detail/execute_plan__struct.hpp
[9.004s] -- Installing: /home/jaydv/code/robopen_research/ros2_ws/install/franka_pybridge_interfaces/include/franka_pybridge_interfaces/franka_pybridge_interfaces/srv/detail/set_load__builder.hpp
[9.004s] -- Installing: /home/jaydv/code/robopen_research/ros2_ws/install/franka_pybridge_interfaces/include/franka_pybridge_interfaces/franka_pybridge_interfaces/srv/detail/set_load__type_support.hpp
[9.004s] -- Installing: /home/jaydv/code/robopen_research/ros2_ws/install/franka_pybridge_interfaces/include/franka_pybridge_interfaces/franka_pybridge_interfaces/srv/detail/execute_plan__builder.hpp
[9.004s] -- Installing: /home/jaydv/code/robopen_research/ros2_ws/install/franka_pybridge_interfaces/include/franka_pybridge_interfaces/franka_pybridge_interfaces/srv/detail/operate_suction__type_support.hpp
[9.004s] -- Installing: /home/jaydv/code/robopen_research/ros2_ws/install/franka_pybridge_interfaces/include/franka_pybridge_interfaces/franka_pybridge_interfaces/srv/detail/set_load__struct.hpp
[9.005s] -- Installing: /home/jaydv/code/robopen_research/ros2_ws/install/franka_pybridge_interfaces/include/franka_pybridge_interfaces/franka_pybridge_interfaces/srv/get_q.hpp
[9.005s] -- Installing: /home/jaydv/code/robopen_research/ros2_ws/install/franka_pybridge_interfaces/include/franka_pybridge_interfaces/franka_pybridge_interfaces/srv/execute_plan.hpp
[9.005s] -- Installing: /home/jaydv/code/robopen_research/ros2_ws/install/franka_pybridge_interfaces/include/franka_pybridge_interfaces/franka_pybridge_interfaces/srv/set_load.hpp
[9.005s] -- Installing: /home/jaydv/code/robopen_research/ros2_ws/install/franka_pybridge_interfaces/include/franka_pybridge_interfaces/franka_pybridge_interfaces/srv/operate_suction.hpp
[9.005s] -- Installing: /home/jaydv/code/robopen_research/ros2_ws/install/franka_pybridge_interfaces/include/franka_pybridge_interfaces/franka_pybridge_interfaces/srv/execute_plan_log.hpp
[9.005s] -- Up-to-date: /home/jaydv/code/robopen_research/ros2_ws/install/franka_pybridge_interfaces/include/franka_pybridge_interfaces/franka_pybridge_interfaces/msg
[9.006s] -- Installing: /home/jaydv/code/robopen_research/ros2_ws/install/franka_pybridge_interfaces/include/franka_pybridge_interfaces/franka_pybridge_interfaces/msg/rosidl_generator_cpp__visibility_control.hpp
[9.006s] -- Up-to-date: /home/jaydv/code/robopen_research/ros2_ws/install/franka_pybridge_interfaces/include/franka_pybridge_interfaces/franka_pybridge_interfaces/msg/detail
[9.006s] -- Installing: /home/jaydv/code/robopen_research/ros2_ws/install/franka_pybridge_interfaces/include/franka_pybridge_interfaces/franka_pybridge_interfaces/msg/detail/joint_data_array__builder.hpp
[9.006s] -- Installing: /home/jaydv/code/robopen_research/ros2_ws/install/franka_pybridge_interfaces/include/franka_pybridge_interfaces/franka_pybridge_interfaces/msg/detail/joint_data_array__struct.hpp
[9.006s] -- Installing: /home/jaydv/code/robopen_research/ros2_ws/install/franka_pybridge_interfaces/include/franka_pybridge_interfaces/franka_pybridge_interfaces/msg/detail/joint_data_array__traits.hpp
[9.006s] -- Installing: /home/jaydv/code/robopen_research/ros2_ws/install/franka_pybridge_interfaces/include/franka_pybridge_interfaces/franka_pybridge_interfaces/msg/detail/joint_data_array__type_support.hpp
[9.006s] -- Installing: /home/jaydv/code/robopen_research/ros2_ws/install/franka_pybridge_interfaces/include/franka_pybridge_interfaces/franka_pybridge_interfaces/msg/joint_data_array.hpp
[9.007s] -- Up-to-date: /home/jaydv/code/robopen_research/ros2_ws/install/franka_pybridge_interfaces/include/franka_pybridge_interfaces/franka_pybridge_interfaces
[9.007s] -- Up-to-date: /home/jaydv/code/robopen_research/ros2_ws/install/franka_pybridge_interfaces/include/franka_pybridge_interfaces/franka_pybridge_interfaces/srv
[9.007s] -- Up-to-date: /home/jaydv/code/robopen_research/ros2_ws/install/franka_pybridge_interfaces/include/franka_pybridge_interfaces/franka_pybridge_interfaces/srv/detail
[9.007s] -- Installing: /home/jaydv/code/robopen_research/ros2_ws/install/franka_pybridge_interfaces/include/franka_pybridge_interfaces/franka_pybridge_interfaces/srv/detail/get_q__rosidl_typesupport_fastrtps_cpp.hpp
[9.007s] -- Installing: /home/jaydv/code/robopen_research/ros2_ws/install/franka_pybridge_interfaces/include/franka_pybridge_interfaces/franka_pybridge_interfaces/srv/detail/operate_suction__rosidl_typesupport_fastrtps_cpp.hpp
[9.007s] -- Installing: /home/jaydv/code/robopen_research/ros2_ws/install/franka_pybridge_interfaces/include/franka_pybridge_interfaces/franka_pybridge_interfaces/srv/detail/dds_fastrtps
[9.007s] -- Installing: /home/jaydv/code/robopen_research/ros2_ws/install/franka_pybridge_interfaces/include/franka_pybridge_interfaces/franka_pybridge_interfaces/srv/detail/set_load__rosidl_typesupport_fastrtps_cpp.hpp
[9.008s] -- Installing: /home/jaydv/code/robopen_research/ros2_ws/install/franka_pybridge_interfaces/include/franka_pybridge_interfaces/franka_pybridge_interfaces/srv/detail/execute_plan__rosidl_typesupport_fastrtps_cpp.hpp
[9.008s] -- Installing: /home/jaydv/code/robopen_research/ros2_ws/install/franka_pybridge_interfaces/include/franka_pybridge_interfaces/franka_pybridge_interfaces/srv/detail/execute_plan_log__rosidl_typesupport_fastrtps_cpp.hpp
[9.008s] -- Up-to-date: /home/jaydv/code/robopen_research/ros2_ws/install/franka_pybridge_interfaces/include/franka_pybridge_interfaces/franka_pybridge_interfaces/msg
[9.008s] -- Up-to-date: /home/jaydv/code/robopen_research/ros2_ws/install/franka_pybridge_interfaces/include/franka_pybridge_interfaces/franka_pybridge_interfaces/msg/detail
[9.008s] -- Installing: /home/jaydv/code/robopen_research/ros2_ws/install/franka_pybridge_interfaces/include/franka_pybridge_interfaces/franka_pybridge_interfaces/msg/detail/dds_fastrtps
[9.008s] -- Installing: /home/jaydv/code/robopen_research/ros2_ws/install/franka_pybridge_interfaces/include/franka_pybridge_interfaces/franka_pybridge_interfaces/msg/detail/joint_data_array__rosidl_typesupport_fastrtps_cpp.hpp
[9.008s] -- Installing: /home/jaydv/code/robopen_research/ros2_ws/install/franka_pybridge_interfaces/include/franka_pybridge_interfaces/franka_pybridge_interfaces/msg/rosidl_typesupport_fastrtps_cpp__visibility_control.h
[9.009s] -- Installing: /home/jaydv/code/robopen_research/ros2_ws/install/franka_pybridge_interfaces/lib/libfranka_pybridge_interfaces__rosidl_typesupport_fastrtps_cpp.so
[9.009s] -- Set non-toolchain portion of runtime path of "/home/jaydv/code/robopen_research/ros2_ws/install/franka_pybridge_interfaces/lib/libfranka_pybridge_interfaces__rosidl_typesupport_fastrtps_cpp.so" to ""
[9.009s] -- Up-to-date: /home/jaydv/code/robopen_research/ros2_ws/install/franka_pybridge_interfaces/include/franka_pybridge_interfaces/franka_pybridge_interfaces
[9.009s] -- Up-to-date: /home/jaydv/code/robopen_research/ros2_ws/install/franka_pybridge_interfaces/include/franka_pybridge_interfaces/franka_pybridge_interfaces/srv
[9.010s] -- Up-to-date: /home/jaydv/code/robopen_research/ros2_ws/install/franka_pybridge_interfaces/include/franka_pybridge_interfaces/franka_pybridge_interfaces/srv/detail
[9.010s] -- Installing: /home/jaydv/code/robopen_research/ros2_ws/install/franka_pybridge_interfaces/include/franka_pybridge_interfaces/franka_pybridge_interfaces/srv/detail/execute_plan_log__rosidl_typesupport_introspection_cpp.hpp
[9.010s] -- Installing: /home/jaydv/code/robopen_research/ros2_ws/install/franka_pybridge_interfaces/include/franka_pybridge_interfaces/franka_pybridge_interfaces/srv/detail/set_load__rosidl_typesupport_introspection_cpp.hpp
[9.010s] -- Installing: /home/jaydv/code/robopen_research/ros2_ws/install/franka_pybridge_interfaces/include/franka_pybridge_interfaces/franka_pybridge_interfaces/srv/detail/operate_suction__type_support.cpp
[9.010s] -- Installing: /home/jaydv/code/robopen_research/ros2_ws/install/franka_pybridge_interfaces/include/franka_pybridge_interfaces/franka_pybridge_interfaces/srv/detail/execute_plan__rosidl_typesupport_introspection_cpp.hpp
[9.010s] -- Installing: /home/jaydv/code/robopen_research/ros2_ws/install/franka_pybridge_interfaces/include/franka_pybridge_interfaces/franka_pybridge_interfaces/srv/detail/execute_plan_log__type_support.cpp
[9.010s] -- Installing: /home/jaydv/code/robopen_research/ros2_ws/install/franka_pybridge_interfaces/include/franka_pybridge_interfaces/franka_pybridge_interfaces/srv/detail/get_q__type_support.cpp
[9.011s] -- Installing: /home/jaydv/code/robopen_research/ros2_ws/install/franka_pybridge_interfaces/include/franka_pybridge_interfaces/franka_pybridge_interfaces/srv/detail/set_load__type_support.cpp
[9.011s] -- Installing: /home/jaydv/code/robopen_research/ros2_ws/install/franka_pybridge_interfaces/include/franka_pybridge_interfaces/franka_pybridge_interfaces/srv/detail/get_q__rosidl_typesupport_introspection_cpp.hpp
[9.011s] -- Installing: /home/jaydv/code/robopen_research/ros2_ws/install/franka_pybridge_interfaces/include/franka_pybridge_interfaces/franka_pybridge_interfaces/srv/detail/operate_suction__rosidl_typesupport_introspection_cpp.hpp
[9.011s] -- Installing: /home/jaydv/code/robopen_research/ros2_ws/install/franka_pybridge_interfaces/include/franka_pybridge_interfaces/franka_pybridge_interfaces/srv/detail/execute_plan__type_support.cpp
[9.011s] -- Up-to-date: /home/jaydv/code/robopen_research/ros2_ws/install/franka_pybridge_interfaces/include/franka_pybridge_interfaces/franka_pybridge_interfaces/msg
[9.011s] -- Up-to-date: /home/jaydv/code/robopen_research/ros2_ws/install/franka_pybridge_interfaces/include/franka_pybridge_interfaces/franka_pybridge_interfaces/msg/detail
[9.012s] -- Installing: /home/jaydv/code/robopen_research/ros2_ws/install/franka_pybridge_interfaces/include/franka_pybridge_interfaces/franka_pybridge_interfaces/msg/detail/joint_data_array__rosidl_typesupport_introspection_cpp.hpp
[9.012s] -- Installing: /home/jaydv/code/robopen_research/ros2_ws/install/franka_pybridge_interfaces/include/franka_pybridge_interfaces/franka_pybridge_interfaces/msg/detail/joint_data_array__type_support.cpp
[9.012s] -- Installing: /home/jaydv/code/robopen_research/ros2_ws/install/franka_pybridge_interfaces/lib/libfranka_pybridge_interfaces__rosidl_typesupport_introspection_cpp.so
[9.013s] -- Set non-toolchain portion of runtime path of "/home/jaydv/code/robopen_research/ros2_ws/install/franka_pybridge_interfaces/lib/libfranka_pybridge_interfaces__rosidl_typesupport_introspection_cpp.so" to ""
[9.013s] -- Installing: /home/jaydv/code/robopen_research/ros2_ws/install/franka_pybridge_interfaces/lib/libfranka_pybridge_interfaces__rosidl_typesupport_cpp.so
[9.013s] -- Set non-toolchain portion of runtime path of "/home/jaydv/code/robopen_research/ros2_ws/install/franka_pybridge_interfaces/lib/libfranka_pybridge_interfaces__rosidl_typesupport_cpp.so" to ""
[9.014s] -- Installing: /home/jaydv/code/robopen_research/ros2_ws/install/franka_pybridge_interfaces/share/franka_pybridge_interfaces/environment/pythonpath.sh
[9.014s] -- Installing: /home/jaydv/code/robopen_research/ros2_ws/install/franka_pybridge_interfaces/share/franka_pybridge_interfaces/environment/pythonpath.dsv
[9.014s] -- Installing: /home/jaydv/code/robopen_research/ros2_ws/install/franka_pybridge_interfaces/lib/python3.10/site-packages/franka_pybridge_interfaces-0.0.0-py3.10.egg-info
[9.014s] -- Installing: /home/jaydv/code/robopen_research/ros2_ws/install/franka_pybridge_interfaces/lib/python3.10/site-packages/franka_pybridge_interfaces-0.0.0-py3.10.egg-info/top_level.txt
[9.014s] -- Installing: /home/jaydv/code/robopen_research/ros2_ws/install/franka_pybridge_interfaces/lib/python3.10/site-packages/franka_pybridge_interfaces-0.0.0-py3.10.egg-info/SOURCES.txt
[9.014s] -- Installing: /home/jaydv/code/robopen_research/ros2_ws/install/franka_pybridge_interfaces/lib/python3.10/site-packages/franka_pybridge_interfaces-0.0.0-py3.10.egg-info/dependency_links.txt
[9.014s] -- Installing: /home/jaydv/code/robopen_research/ros2_ws/install/franka_pybridge_interfaces/lib/python3.10/site-packages/franka_pybridge_interfaces-0.0.0-py3.10.egg-info/PKG-INFO
[9.015s] -- Installing: /home/jaydv/code/robopen_research/ros2_ws/install/franka_pybridge_interfaces/lib/python3.10/site-packages/franka_pybridge_interfaces
[9.015s] -- Installing: /home/jaydv/code/robopen_research/ros2_ws/install/franka_pybridge_interfaces/lib/python3.10/site-packages/franka_pybridge_interfaces/srv
[9.015s] -- Installing: /home/jaydv/code/robopen_research/ros2_ws/install/franka_pybridge_interfaces/lib/python3.10/site-packages/franka_pybridge_interfaces/srv/_get_q_s.c
[9.015s] -- Installing: /home/jaydv/code/robopen_research/ros2_ws/install/franka_pybridge_interfaces/lib/python3.10/site-packages/franka_pybridge_interfaces/srv/_execute_plan.py
[9.015s] -- Installing: /home/jaydv/code/robopen_research/ros2_ws/install/franka_pybridge_interfaces/lib/python3.10/site-packages/franka_pybridge_interfaces/srv/_get_q.py
[9.016s] -- Installing: /home/jaydv/code/robopen_research/ros2_ws/install/franka_pybridge_interfaces/lib/python3.10/site-packages/franka_pybridge_interfaces/srv/_operate_suction_s.c
[9.016s] -- Installing: /home/jaydv/code/robopen_research/ros2_ws/install/franka_pybridge_interfaces/lib/python3.10/site-packages/franka_pybridge_interfaces/srv/_execute_plan_log_s.c
[9.016s] -- Installing: /home/jaydv/code/robopen_research/ros2_ws/install/franka_pybridge_interfaces/lib/python3.10/site-packages/franka_pybridge_interfaces/srv/__init__.py
[9.016s] -- Installing: /home/jaydv/code/robopen_research/ros2_ws/install/franka_pybridge_interfaces/lib/python3.10/site-packages/franka_pybridge_interfaces/srv/_set_load.py
[9.016s] -- Installing: /home/jaydv/code/robopen_research/ros2_ws/install/franka_pybridge_interfaces/lib/python3.10/site-packages/franka_pybridge_interfaces/srv/_operate_suction.py
[9.016s] -- Installing: /home/jaydv/code/robopen_research/ros2_ws/install/franka_pybridge_interfaces/lib/python3.10/site-packages/franka_pybridge_interfaces/srv/_set_load_s.c
[9.017s] -- Installing: /home/jaydv/code/robopen_research/ros2_ws/install/franka_pybridge_interfaces/lib/python3.10/site-packages/franka_pybridge_interfaces/srv/_execute_plan_s.c
[9.017s] -- Installing: /home/jaydv/code/robopen_research/ros2_ws/install/franka_pybridge_interfaces/lib/python3.10/site-packages/franka_pybridge_interfaces/srv/_execute_plan_log.py
[9.017s] -- Installing: /home/jaydv/code/robopen_research/ros2_ws/install/franka_pybridge_interfaces/lib/python3.10/site-packages/franka_pybridge_interfaces/_franka_pybridge_interfaces_s.ep.rosidl_typesupport_fastrtps_c.c
[9.017s] -- Installing: /home/jaydv/code/robopen_research/ros2_ws/install/franka_pybridge_interfaces/lib/python3.10/site-packages/franka_pybridge_interfaces/franka_pybridge_interfaces_s__rosidl_typesupport_fastrtps_c.cpython-310-x86_64-linux-gnu.so
[9.017s] -- Installing: /home/jaydv/code/robopen_research/ros2_ws/install/franka_pybridge_interfaces/lib/python3.10/site-packages/franka_pybridge_interfaces/msg
[9.018s] -- Installing: /home/jaydv/code/robopen_research/ros2_ws/install/franka_pybridge_interfaces/lib/python3.10/site-packages/franka_pybridge_interfaces/msg/_joint_data_array.py
[9.018s] -- Installing: /home/jaydv/code/robopen_research/ros2_ws/install/franka_pybridge_interfaces/lib/python3.10/site-packages/franka_pybridge_interfaces/msg/__init__.py
[9.018s] -- Installing: /home/jaydv/code/robopen_research/ros2_ws/install/franka_pybridge_interfaces/lib/python3.10/site-packages/franka_pybridge_interfaces/msg/_joint_data_array_s.c
[9.018s] -- Installing: /home/jaydv/code/robopen_research/ros2_ws/install/franka_pybridge_interfaces/lib/python3.10/site-packages/franka_pybridge_interfaces/_franka_pybridge_interfaces_s.ep.rosidl_typesupport_introspection_c.c
[9.018s] -- Installing: /home/jaydv/code/robopen_research/ros2_ws/install/franka_pybridge_interfaces/lib/python3.10/site-packages/franka_pybridge_interfaces/__init__.py
[9.018s] -- Installing: /home/jaydv/code/robopen_research/ros2_ws/install/franka_pybridge_interfaces/lib/python3.10/site-packages/franka_pybridge_interfaces/_franka_pybridge_interfaces_s.ep.rosidl_typesupport_c.c
[9.019s] -- Installing: /home/jaydv/code/robopen_research/ros2_ws/install/franka_pybridge_interfaces/lib/python3.10/site-packages/franka_pybridge_interfaces/franka_pybridge_interfaces_s__rosidl_typesupport_c.cpython-310-x86_64-linux-gnu.so
[9.019s] -- Installing: /home/jaydv/code/robopen_research/ros2_ws/install/franka_pybridge_interfaces/lib/python3.10/site-packages/franka_pybridge_interfaces/franka_pybridge_interfaces_s__rosidl_typesupport_introspection_c.cpython-310-x86_64-linux-gnu.so
[9.019s] -- Installing: /home/jaydv/code/robopen_research/ros2_ws/install/franka_pybridge_interfaces/lib/python3.10/site-packages/franka_pybridge_interfaces/libfranka_pybridge_interfaces__rosidl_generator_py.so
[9.073s] Listing '/home/jaydv/code/robopen_research/ros2_ws/install/franka_pybridge_interfaces/lib/python3.10/site-packages/franka_pybridge_interfaces'...
[9.073s] Compiling '/home/jaydv/code/robopen_research/ros2_ws/install/franka_pybridge_interfaces/lib/python3.10/site-packages/franka_pybridge_interfaces/__init__.py'...
[9.073s] Listing '/home/jaydv/code/robopen_research/ros2_ws/install/franka_pybridge_interfaces/lib/python3.10/site-packages/franka_pybridge_interfaces/msg'...
[9.074s] Compiling '/home/jaydv/code/robopen_research/ros2_ws/install/franka_pybridge_interfaces/lib/python3.10/site-packages/franka_pybridge_interfaces/msg/__init__.py'...
[9.074s] Compiling '/home/jaydv/code/robopen_research/ros2_ws/install/franka_pybridge_interfaces/lib/python3.10/site-packages/franka_pybridge_interfaces/msg/_joint_data_array.py'...
[9.074s] Listing '/home/jaydv/code/robopen_research/ros2_ws/install/franka_pybridge_interfaces/lib/python3.10/site-packages/franka_pybridge_interfaces/srv'...
[9.074s] Compiling '/home/jaydv/code/robopen_research/ros2_ws/install/franka_pybridge_interfaces/lib/python3.10/site-packages/franka_pybridge_interfaces/srv/__init__.py'...
[9.074s] Compiling '/home/jaydv/code/robopen_research/ros2_ws/install/franka_pybridge_interfaces/lib/python3.10/site-packages/franka_pybridge_interfaces/srv/_execute_plan.py'...
[9.074s] Compiling '/home/jaydv/code/robopen_research/ros2_ws/install/franka_pybridge_interfaces/lib/python3.10/site-packages/franka_pybridge_interfaces/srv/_execute_plan_log.py'...
[9.074s] Compiling '/home/jaydv/code/robopen_research/ros2_ws/install/franka_pybridge_interfaces/lib/python3.10/site-packages/franka_pybridge_interfaces/srv/_get_q.py'...
[9.074s] Compiling '/home/jaydv/code/robopen_research/ros2_ws/install/franka_pybridge_interfaces/lib/python3.10/site-packages/franka_pybridge_interfaces/srv/_operate_suction.py'...
[9.074s] Compiling '/home/jaydv/code/robopen_research/ros2_ws/install/franka_pybridge_interfaces/lib/python3.10/site-packages/franka_pybridge_interfaces/srv/_set_load.py'...
[9.079s] -- Installing: /home/jaydv/code/robopen_research/ros2_ws/install/franka_pybridge_interfaces/lib/python3.10/site-packages/franka_pybridge_interfaces/franka_pybridge_interfaces_s__rosidl_typesupport_fastrtps_c.cpython-310-x86_64-linux-gnu.so
[9.080s] -- Set non-toolchain portion of runtime path of "/home/jaydv/code/robopen_research/ros2_ws/install/franka_pybridge_interfaces/lib/python3.10/site-packages/franka_pybridge_interfaces/franka_pybridge_interfaces_s__rosidl_typesupport_fastrtps_c.cpython-310-x86_64-linux-gnu.so" to ""
[9.080s] -- Installing: /home/jaydv/code/robopen_research/ros2_ws/install/franka_pybridge_interfaces/lib/python3.10/site-packages/franka_pybridge_interfaces/franka_pybridge_interfaces_s__rosidl_typesupport_introspection_c.cpython-310-x86_64-linux-gnu.so
[9.081s] -- Set non-toolchain portion of runtime path of "/home/jaydv/code/robopen_research/ros2_ws/install/franka_pybridge_interfaces/lib/python3.10/site-packages/franka_pybridge_interfaces/franka_pybridge_interfaces_s__rosidl_typesupport_introspection_c.cpython-310-x86_64-linux-gnu.so" to ""
[9.081s] -- Installing: /home/jaydv/code/robopen_research/ros2_ws/install/franka_pybridge_interfaces/lib/python3.10/site-packages/franka_pybridge_interfaces/franka_pybridge_interfaces_s__rosidl_typesupport_c.cpython-310-x86_64-linux-gnu.so
[9.081s] -- Set non-toolchain portion of runtime path of "/home/jaydv/code/robopen_research/ros2_ws/install/franka_pybridge_interfaces/lib/python3.10/site-packages/franka_pybridge_interfaces/franka_pybridge_interfaces_s__rosidl_typesupport_c.cpython-310-x86_64-linux-gnu.so" to ""
[9.081s] -- Installing: /home/jaydv/code/robopen_research/ros2_ws/install/franka_pybridge_interfaces/lib/libfranka_pybridge_interfaces__rosidl_generator_py.so
[9.082s] -- Set non-toolchain portion of runtime path of "/home/jaydv/code/robopen_research/ros2_ws/install/franka_pybridge_interfaces/lib/libfranka_pybridge_interfaces__rosidl_generator_py.so" to ""
[9.082s] -- Installing: /home/jaydv/code/robopen_research/ros2_ws/install/franka_pybridge_interfaces/share/franka_pybridge_interfaces/msg/JointDataArray.idl
[9.082s] -- Installing: /home/jaydv/code/robopen_research/ros2_ws/install/franka_pybridge_interfaces/share/franka_pybridge_interfaces/srv/GetQ.idl
[9.083s] -- Installing: /home/jaydv/code/robopen_research/ros2_ws/install/franka_pybridge_interfaces/share/franka_pybridge_interfaces/srv/ExecutePlan.idl
[9.083s] -- Installing: /home/jaydv/code/robopen_research/ros2_ws/install/franka_pybridge_interfaces/share/franka_pybridge_interfaces/srv/ExecutePlanLog.idl
[9.083s] -- Installing: /home/jaydv/code/robopen_research/ros2_ws/install/franka_pybridge_interfaces/share/franka_pybridge_interfaces/srv/OperateSuction.idl
[9.083s] -- Installing: /home/jaydv/code/robopen_research/ros2_ws/install/franka_pybridge_interfaces/share/franka_pybridge_interfaces/srv/SetLoad.idl
[9.083s] -- Installing: /home/jaydv/code/robopen_research/ros2_ws/install/franka_pybridge_interfaces/share/franka_pybridge_interfaces/msg/JointDataArray.msg
[9.084s] -- Installing: /home/jaydv/code/robopen_research/ros2_ws/install/franka_pybridge_interfaces/share/franka_pybridge_interfaces/srv/GetQ.srv
[9.084s] -- Installing: /home/jaydv/code/robopen_research/ros2_ws/install/franka_pybridge_interfaces/share/franka_pybridge_interfaces/srv/GetQ_Request.msg
[9.084s] -- Installing: /home/jaydv/code/robopen_research/ros2_ws/install/franka_pybridge_interfaces/share/franka_pybridge_interfaces/srv/GetQ_Response.msg
[9.084s] -- Installing: /home/jaydv/code/robopen_research/ros2_ws/install/franka_pybridge_interfaces/share/franka_pybridge_interfaces/srv/ExecutePlan.srv
[9.084s] -- Installing: /home/jaydv/code/robopen_research/ros2_ws/install/franka_pybridge_interfaces/share/franka_pybridge_interfaces/srv/ExecutePlan_Request.msg
[9.085s] -- Installing: /home/jaydv/code/robopen_research/ros2_ws/install/franka_pybridge_interfaces/share/franka_pybridge_interfaces/srv/ExecutePlan_Response.msg
[9.085s] -- Installing: /home/jaydv/code/robopen_research/ros2_ws/install/franka_pybridge_interfaces/share/franka_pybridge_interfaces/srv/ExecutePlanLog.srv
[9.085s] -- Installing: /home/jaydv/code/robopen_research/ros2_ws/install/franka_pybridge_interfaces/share/franka_pybridge_interfaces/srv/ExecutePlanLog_Request.msg
[9.085s] -- Installing: /home/jaydv/code/robopen_research/ros2_ws/install/franka_pybridge_interfaces/share/franka_pybridge_interfaces/srv/ExecutePlanLog_Response.msg
[9.085s] -- Installing: /home/jaydv/code/robopen_research/ros2_ws/install/franka_pybridge_interfaces/share/franka_pybridge_interfaces/srv/OperateSuction.srv
[9.086s] -- Installing: /home/jaydv/code/robopen_research/ros2_ws/install/franka_pybridge_interfaces/share/franka_pybridge_interfaces/srv/OperateSuction_Request.msg
[9.086s] -- Installing: /home/jaydv/code/robopen_research/ros2_ws/install/franka_pybridge_interfaces/share/franka_pybridge_interfaces/srv/OperateSuction_Response.msg
[9.086s] -- Installing: /home/jaydv/code/robopen_research/ros2_ws/install/franka_pybridge_interfaces/share/franka_pybridge_interfaces/srv/SetLoad.srv
[9.086s] -- Installing: /home/jaydv/code/robopen_research/ros2_ws/install/franka_pybridge_interfaces/share/franka_pybridge_interfaces/srv/SetLoad_Request.msg
[9.086s] -- Installing: /home/jaydv/code/robopen_research/ros2_ws/install/franka_pybridge_interfaces/share/franka_pybridge_interfaces/srv/SetLoad_Response.msg
[9.087s] -- Installing: /home/jaydv/code/robopen_research/ros2_ws/install/franka_pybridge_interfaces/share/ament_index/resource_index/package_run_dependencies/franka_pybridge_interfaces
[9.087s] -- Installing: /home/jaydv/code/robopen_research/ros2_ws/install/franka_pybridge_interfaces/share/ament_index/resource_index/parent_prefix_path/franka_pybridge_interfaces
[9.087s] -- Installing: /home/jaydv/code/robopen_research/ros2_ws/install/franka_pybridge_interfaces/share/franka_pybridge_interfaces/environment/ament_prefix_path.sh
[9.087s] -- Installing: /home/jaydv/code/robopen_research/ros2_ws/install/franka_pybridge_interfaces/share/franka_pybridge_interfaces/environment/ament_prefix_path.dsv
[9.088s] -- Installing: /home/jaydv/code/robopen_research/ros2_ws/install/franka_pybridge_interfaces/share/franka_pybridge_interfaces/environment/path.sh
[9.088s] -- Installing: /home/jaydv/code/robopen_research/ros2_ws/install/franka_pybridge_interfaces/share/franka_pybridge_interfaces/environment/path.dsv
[9.088s] -- Installing: /home/jaydv/code/robopen_research/ros2_ws/install/franka_pybridge_interfaces/share/franka_pybridge_interfaces/local_setup.bash
[9.088s] -- Installing: /home/jaydv/code/robopen_research/ros2_ws/install/franka_pybridge_interfaces/share/franka_pybridge_interfaces/local_setup.sh
[9.088s] -- Installing: /home/jaydv/code/robopen_research/ros2_ws/install/franka_pybridge_interfaces/share/franka_pybridge_interfaces/local_setup.zsh
[9.089s] -- Installing: /home/jaydv/code/robopen_research/ros2_ws/install/franka_pybridge_interfaces/share/franka_pybridge_interfaces/local_setup.dsv
[9.089s] -- Installing: /home/jaydv/code/robopen_research/ros2_ws/install/franka_pybridge_interfaces/share/franka_pybridge_interfaces/package.dsv
[9.089s] -- Installing: /home/jaydv/code/robopen_research/ros2_ws/install/franka_pybridge_interfaces/share/ament_index/resource_index/packages/franka_pybridge_interfaces
[9.089s] -- Installing: /home/jaydv/code/robopen_research/ros2_ws/install/franka_pybridge_interfaces/share/franka_pybridge_interfaces/cmake/export_franka_pybridge_interfaces__rosidl_generator_cExport.cmake
[9.090s] -- Installing: /home/jaydv/code/robopen_research/ros2_ws/install/franka_pybridge_interfaces/share/franka_pybridge_interfaces/cmake/export_franka_pybridge_interfaces__rosidl_generator_cExport-noconfig.cmake
[9.090s] -- Installing: /home/jaydv/code/robopen_research/ros2_ws/install/franka_pybridge_interfaces/share/franka_pybridge_interfaces/cmake/export_franka_pybridge_interfaces__rosidl_typesupport_fastrtps_cExport.cmake
[9.090s] -- Installing: /home/jaydv/code/robopen_research/ros2_ws/install/franka_pybridge_interfaces/share/franka_pybridge_interfaces/cmake/export_franka_pybridge_interfaces__rosidl_typesupport_fastrtps_cExport-noconfig.cmake
[9.090s] -- Installing: /home/jaydv/code/robopen_research/ros2_ws/install/franka_pybridge_interfaces/share/franka_pybridge_interfaces/cmake/franka_pybridge_interfaces__rosidl_typesupport_introspection_cExport.cmake
[9.090s] -- Installing: /home/jaydv/code/robopen_research/ros2_ws/install/franka_pybridge_interfaces/share/franka_pybridge_interfaces/cmake/franka_pybridge_interfaces__rosidl_typesupport_introspection_cExport-noconfig.cmake
[9.091s] -- Installing: /home/jaydv/code/robopen_research/ros2_ws/install/franka_pybridge_interfaces/share/franka_pybridge_interfaces/cmake/franka_pybridge_interfaces__rosidl_typesupport_cExport.cmake
[9.091s] -- Installing: /home/jaydv/code/robopen_research/ros2_ws/install/franka_pybridge_interfaces/share/franka_pybridge_interfaces/cmake/franka_pybridge_interfaces__rosidl_typesupport_cExport-noconfig.cmake
[9.091s] -- Installing: /home/jaydv/code/robopen_research/ros2_ws/install/franka_pybridge_interfaces/share/franka_pybridge_interfaces/cmake/export_franka_pybridge_interfaces__rosidl_generator_cppExport.cmake
[9.091s] -- Installing: /home/jaydv/code/robopen_research/ros2_ws/install/franka_pybridge_interfaces/share/franka_pybridge_interfaces/cmake/export_franka_pybridge_interfaces__rosidl_typesupport_fastrtps_cppExport.cmake
[9.091s] -- Installing: /home/jaydv/code/robopen_research/ros2_ws/install/franka_pybridge_interfaces/share/franka_pybridge_interfaces/cmake/export_franka_pybridge_interfaces__rosidl_typesupport_fastrtps_cppExport-noconfig.cmake
[9.092s] -- Installing: /home/jaydv/code/robopen_research/ros2_ws/install/franka_pybridge_interfaces/share/franka_pybridge_interfaces/cmake/franka_pybridge_interfaces__rosidl_typesupport_introspection_cppExport.cmake
[9.092s] -- Installing: /home/jaydv/code/robopen_research/ros2_ws/install/franka_pybridge_interfaces/share/franka_pybridge_interfaces/cmake/franka_pybridge_interfaces__rosidl_typesupport_introspection_cppExport-noconfig.cmake
[9.092s] -- Installing: /home/jaydv/code/robopen_research/ros2_ws/install/franka_pybridge_interfaces/share/franka_pybridge_interfaces/cmake/franka_pybridge_interfaces__rosidl_typesupport_cppExport.cmake
[9.092s] -- Installing: /home/jaydv/code/robopen_research/ros2_ws/install/franka_pybridge_interfaces/share/franka_pybridge_interfaces/cmake/franka_pybridge_interfaces__rosidl_typesupport_cppExport-noconfig.cmake
[9.093s] -- Installing: /home/jaydv/code/robopen_research/ros2_ws/install/franka_pybridge_interfaces/share/franka_pybridge_interfaces/cmake/export_franka_pybridge_interfaces__rosidl_generator_pyExport.cmake
[9.093s] -- Installing: /home/jaydv/code/robopen_research/ros2_ws/install/franka_pybridge_interfaces/share/franka_pybridge_interfaces/cmake/export_franka_pybridge_interfaces__rosidl_generator_pyExport-noconfig.cmake
[9.093s] -- Installing: /home/jaydv/code/robopen_research/ros2_ws/install/franka_pybridge_interfaces/share/franka_pybridge_interfaces/cmake/rosidl_cmake-extras.cmake
[9.093s] -- Installing: /home/jaydv/code/robopen_research/ros2_ws/install/franka_pybridge_interfaces/share/franka_pybridge_interfaces/cmake/ament_cmake_export_include_directories-extras.cmake
[9.093s] -- Installing: /home/jaydv/code/robopen_research/ros2_ws/install/franka_pybridge_interfaces/share/franka_pybridge_interfaces/cmake/ament_cmake_export_libraries-extras.cmake
[9.094s] -- Installing: /home/jaydv/code/robopen_research/ros2_ws/install/franka_pybridge_interfaces/share/franka_pybridge_interfaces/cmake/ament_cmake_export_targets-extras.cmake
[9.094s] -- Installing: /home/jaydv/code/robopen_research/ros2_ws/install/franka_pybridge_interfaces/share/franka_pybridge_interfaces/cmake/rosidl_cmake_export_typesupport_targets-extras.cmake
[9.094s] -- Installing: /home/jaydv/code/robopen_research/ros2_ws/install/franka_pybridge_interfaces/share/franka_pybridge_interfaces/cmake/ament_cmake_export_dependencies-extras.cmake
[9.094s] -- Installing: /home/jaydv/code/robopen_research/ros2_ws/install/franka_pybridge_interfaces/share/franka_pybridge_interfaces/cmake/rosidl_cmake_export_typesupport_libraries-extras.cmake
[9.094s] -- Installing: /home/jaydv/code/robopen_research/ros2_ws/install/franka_pybridge_interfaces/share/franka_pybridge_interfaces/cmake/franka_pybridge_interfacesConfig.cmake
[9.095s] -- Installing: /home/jaydv/code/robopen_research/ros2_ws/install/franka_pybridge_interfaces/share/franka_pybridge_interfaces/cmake/franka_pybridge_interfacesConfig-version.cmake
[9.095s] -- Installing: /home/jaydv/code/robopen_research/ros2_ws/install/franka_pybridge_interfaces/share/franka_pybridge_interfaces/package.xml
[9.099s] Invoked command in '/home/jaydv/code/robopen_research/ros2_ws/build/franka_pybridge_interfaces' returned '0': CMAKE_PREFIX_PATH=/opt/ros/humble CONDA_PROMPT_MODIFIER=(ilab) /opt/conda/envs/ilab/bin/cmake --install /home/jaydv/code/robopen_research/ros2_ws/build/franka_pybridge_interfaces
